// Vitest Snapshot v1, https://vitest.dev/guide/snapshot.html

exports[`template e2e: weapp-vite-tailwindcss-tdesign-template > renders all pages from app config > weapp-vite-tailwindcss-tdesign-template::app.wxss 1`] = `
"::before,
::after {
  --tw-content: '';
}
view,
text,
:before,
:after,
::backdrop {
  --tw-border-spacing-x: 0;
  --tw-border-spacing-y: 0;
  --tw-translate-x: 0;
  --tw-translate-y: 0;
  --tw-rotate: 0;
  --tw-skew-x: 0;
  --tw-skew-y: 0;
  --tw-scale-x: 1;
  --tw-scale-y: 1;
  --tw-pan-x: ;
  --tw-pan-y: ;
  --tw-pinch-zoom: ;
  --tw-scroll-snap-strictness: proximity;
  --tw-gradient-from-position: ;
  --tw-gradient-via-position: ;
  --tw-gradient-to-position: ;
  --tw-ordinal: ;
  --tw-slashed-zero: ;
  --tw-numeric-figure: ;
  --tw-numeric-spacing: ;
  --tw-numeric-fraction: ;
  --tw-ring-inset: ;
  --tw-ring-offset-width: 0px;
  --tw-ring-offset-color: #fff;
  --tw-ring-color: rgba(59, 130, 246, 0.50196);
  --tw-ring-offset-shadow: 0 0 rgba(0, 0, 0, 0);
  --tw-ring-shadow: 0 0 rgba(0, 0, 0, 0);
  --tw-shadow: 0 0 rgba(0, 0, 0, 0);
  --tw-shadow-colored: 0 0 rgba(0, 0, 0, 0);
  --tw-blur: ;
  --tw-brightness: ;
  --tw-contrast: ;
  --tw-grayscale: ;
  --tw-hue-rotate: ;
  --tw-invert: ;
  --tw-saturate: ;
  --tw-sepia: ;
  --tw-drop-shadow: ;
  --tw-backdrop-blur: ;
  --tw-backdrop-brightness: ;
  --tw-backdrop-contrast: ;
  --tw-backdrop-grayscale: ;
  --tw-backdrop-hue-rotate: ;
  --tw-backdrop-invert: ;
  --tw-backdrop-opacity: ;
  --tw-backdrop-saturate: ;
  --tw-backdrop-sepia: ;
  --tw-contain-size: ;
  --tw-contain-layout: ;
  --tw-contain-paint: ;
  --tw-contain-style: ;
  box-sizing: border-box;
  border-width: 0;
  border-style: solid;
  border-color: currentColor;
}
.i-mdi-moon-waxing-crescent {
  width: 1em;
  height: 1em;
  -webkit-mask-image: var(--svg);
  mask-image: var(--svg);
  --svg: url("data:image/svg+xml,%3Csvg xmlns='http://www.w3.org/2000/svg' viewBox='0 0 24 24' width='24' height='24'%3E%3Cpath fill='black' d='M12 2a9.9 9.9 0 0 0-3 .46a10 10 0 0 1 0 19.08A10 10 0 1 0 12 2'/%3E%3C/svg%3E");
  background-color: currentColor;
  display: inline-block;
  -webkit-mask-size: 100% 100%;
  mask-size: 100% 100%;
  -webkit-mask-repeat: no-repeat;
  mask-repeat: no-repeat;
}
.i-mdi-weather-sunny {
  width: 1em;
  height: 1em;
  -webkit-mask-image: var(--svg);
  mask-image: var(--svg);
  --svg: url("data:image/svg+xml,%3Csvg xmlns='http://www.w3.org/2000/svg' viewBox='0 0 24 24' width='24' height='24'%3E%3Cpath fill='black' d='M12 7a5 5 0 0 1 5 5a5 5 0 0 1-5 5a5 5 0 0 1-5-5a5 5 0 0 1 5-5m0 2a3 3 0 0 0-3 3a3 3 0 0 0 3 3a3 3 0 0 0 3-3a3 3 0 0 0-3-3m0-7l2.39 3.42C13.65 5.15 12.84 5 12 5s-1.65.15-2.39.42zM3.34 7l4.16-.35A7.2 7.2 0 0 0 5.94 8.5c-.44.74-.69 1.5-.83 2.29zm.02 10l1.76-3.77a7.13 7.13 0 0 0 2.38 4.14zM20.65 7l-1.77 3.79a7.02 7.02 0 0 0-2.38-4.15zm-.01 10l-4.14.36c.59-.51 1.12-1.14 1.54-1.86c.42-.73.69-1.5.83-2.29zM12 22l-2.41-3.44c.74.27 1.55.44 2.41.44c.82 0 1.63-.17 2.37-.44z'/%3E%3C/svg%3E");
  background-color: currentColor;
  display: inline-block;
  -webkit-mask-size: 100% 100%;
  mask-size: 100% 100%;
  -webkit-mask-repeat: no-repeat;
  mask-repeat: no-repeat;
}
.mx-auto {
  margin-left: auto;
  margin-right: auto;
}
.flex {
  display: flex;
}
.h-24 {
  height: 192rpx;
}
.min-h-screen {
  min-height: 100vh;
}
.w-24 {
  width: 192rpx;
}
.w-32 {
  width: 256rpx;
}
.w-full {
  width: 100%;
}
.max-w-_b640rpx_B {
  max-width: 640rpx;
}
.flex-col {
  flex-direction: column;
}
.flex-wrap {
  flex-wrap: wrap;
}
.items-center {
  align-items: center;
}
.gap-4 {
  gap: 32rpx;
}
.gap-6 {
  gap: 48rpx;
}
.space-x-8 > view + view,
.space-x-8 > view + text,
.space-x-8 > text + view,
.space-x-8 > text + text {
  --tw-space-x-reverse: 0;
  margin-right: calc(64rpx * var(--tw-space-x-reverse));
  margin-left: calc(64rpx * (1 - var(--tw-space-x-reverse)));
}
.space-y-10 > view + view,
.space-y-10 > view + text,
.space-y-10 > text + view,
.space-y-10 > text + text {
  --tw-space-y-reverse: 0;
  margin-top: calc(80rpx * (1 - var(--tw-space-y-reverse)));
  margin-bottom: calc(80rpx * var(--tw-space-y-reverse));
}
.rounded-3xl {
  border-radius: 48rpx;
}
.rounded-full {
  border-radius: 9999px;
}
.bg-gray-100 {
  --tw-bg-opacity: 1;
  background-color: rgba(243, 244, 246, var(--tw-bg-opacity, 1));
}
.bg-gray-900 {
  --tw-bg-opacity: 1;
  background-color: rgba(17, 24, 39, var(--tw-bg-opacity, 1));
}
.bg-white_f95 {
  background-color: rgba(255, 255, 255, 0.94902);
}
.bg-_burl_phttps_c_f_fvite_dicebreaker_dtop_flogo_dpng_P_B {
  background-image: url(https://vite.icebreaker.top/logo.png);
}
.bg-_burl_phttps_c_f_fvite_dicebreaker_dtop_ftw-logo_dpng_P_B {
  background-image: url(https://vite.icebreaker.top/tw-logo.png);
}
.bg-gradient-to-r {
  background-image: linear-gradient(to right, var(--tw-gradient-stops));
}
.from-green-400 {
  --tw-gradient-from: #4ade80 var(--tw-gradient-from-position);
  --tw-gradient-to: rgba(74, 222, 128, 0) var(--tw-gradient-to-position);
  --tw-gradient-stops: var(--tw-gradient-from), var(--tw-gradient-to);
}
.to-sky-400 {
  --tw-gradient-to: #38bdf8 var(--tw-gradient-to-position);
}
.bg-_blength_c100_v_100_v_B {
  background-size: 100% 100%;
}
.bg-clip-text {
  -webkit-background-clip: text;
  background-clip: text;
}
.bg-no-repeat {
  background-repeat: no-repeat;
}
.p-8 {
  padding: 64rpx;
}
.px-5 {
  padding-left: 40rpx;
  padding-right: 40rpx;
}
.py-2 {
  padding-top: 16rpx;
  padding-bottom: 16rpx;
}
.pt-20 {
  padding-top: 160rpx;
}
.text-2xl {
  font-size: 48rpx;
  line-height: 64rpx;
}
.text-3xl {
  font-size: 60rpx;
  line-height: 72rpx;
}
.text-lg {
  font-size: 36rpx;
  line-height: 56rpx;
}
.text-sm {
  font-size: 28rpx;
  line-height: 40rpx;
}
.text-xl {
  font-size: 40rpx;
  line-height: 56rpx;
}
.text-xs {
  font-size: 24rpx;
  line-height: 32rpx;
}
.font-extrabold {
  font-weight: 800;
}
.font-medium {
  font-weight: 500;
}
.font-semibold {
  font-weight: 600;
}
.leading-relaxed {
  line-height: 1.625;
}
.text-blue-600 {
  --tw-text-opacity: 1;
  color: rgba(37, 99, 235, var(--tw-text-opacity, 1));
}
.text-slate-200 {
  --tw-text-opacity: 1;
  color: rgba(226, 232, 240, var(--tw-text-opacity, 1));
}
.text-slate-400 {
  --tw-text-opacity: 1;
  color: rgba(148, 163, 184, var(--tw-text-opacity, 1));
}
.text-slate-700 {
  --tw-text-opacity: 1;
  color: rgba(51, 65, 85, var(--tw-text-opacity, 1));
}
.text-slate-800 {
  --tw-text-opacity: 1;
  color: rgba(30, 41, 59, var(--tw-text-opacity, 1));
}
.text-transparent {
  color: rgba(0, 0, 0, 0);
}
.text-white {
  --tw-text-opacity: 1;
  color: rgba(255, 255, 255, var(--tw-text-opacity, 1));
}
.underline {
  text-decoration-line: underline;
}
.shadow-xl {
  --tw-shadow: 0 20px 25px -5px rgba(0, 0, 0, 0.10196), 0 8px 10px -6px rgba(0, 0, 0, 0.10196);
  --tw-shadow-colored: 0 20px 25px -5px var(--tw-shadow-color), 0 8px 10px -6px var(--tw-shadow-color);
  box-shadow:
    var(--tw-ring-offset-shadow, 0 0 rgba(0, 0, 0, 0)), var(--tw-ring-shadow, 0 0 rgba(0, 0, 0, 0)), var(--tw-shadow);
}
.shadow-slate-200_f70 {
  --tw-shadow-color: rgba(226, 232, 240, 0.70196);
  --tw-shadow: var(--tw-shadow-colored);
}
.outline {
  outline-style: solid;
}
.transition {
  transition-property:
    color, background-color, border-color, text-decoration-color, fill, stroke, opacity, box-shadow, transform, filter,
    backdrop-filter;
  transition-duration: 0.15s;
  transition-timing-function: cubic-bezier(0.4, 0, 0.2, 1);
}
.transition-colors {
  transition-property: color, background-color, border-color, text-decoration-color, fill, stroke;
  transition-duration: 0.15s;
  transition-timing-function: cubic-bezier(0.4, 0, 0.2, 1);
}
.duration-500 {
  transition-duration: 0.5s;
}
.active_cscale-95:active {
  --tw-scale-x: 0.95;
  --tw-scale-y: 0.95;
  transform: translate(var(--tw-translate-x), var(--tw-translate-y)) rotate(var(--tw-rotate)) skewX(var(--tw-skew-x))
    skewY(var(--tw-skew-y)) scaleX(var(--tw-scale-x)) scaleY(var(--tw-scale-y));
}
/*$vite$:1*/
"
`;

exports[`template e2e: weapp-vite-tailwindcss-tdesign-template > renders all pages from app config > weapp-vite-tailwindcss-tdesign-template::pages/index/index 1`] = `
"<view class="min-h-screen bg-gray-100 text-slate-800 transition-colors duration-500">
  <view class="flex flex-col items-center pt-20 space-y-10">
    <view class="flex HelloWorld--flex space-x-8 HelloWorld--space-x-8">
      <view
        class="w-24 HelloWorld--w-24 h-24 HelloWorld--h-24 bg-_burl_phttps_c_f_fvite_dicebreaker_dtop_flogo_dpng_P_B HelloWorld--bg-_burl_phttps_c_f_fvite_dicebreaker_dtop_flogo_dpng_P_B bg-_blength_c100_v_100_v_B HelloWorld--bg-_blength_c100_v_100_v_B bg-no-repeat HelloWorld--bg-no-repeat"></view>
      <view
        class="w-32 HelloWorld--w-32 h-24 HelloWorld--h-24 bg-_burl_phttps_c_f_fvite_dicebreaker_dtop_ftw-logo_dpng_P_B HelloWorld--bg-_burl_phttps_c_f_fvite_dicebreaker_dtop_ftw-logo_dpng_P_B bg-_blength_c100_v_100_v_B HelloWorld--bg-_blength_c100_v_100_v_B bg-no-repeat HelloWorld--bg-no-repeat"></view>
    </view>
    <view
      class="bg-gradient-to-r HelloWorld--bg-gradient-to-r from-green-400 HelloWorld--from-green-400 to-sky-400 HelloWorld--to-sky-400 bg-clip-text HelloWorld--bg-clip-text text-xl HelloWorld--text-xl font-extrabold HelloWorld--font-extrabold text-transparent HelloWorld--text-transparent underline HelloWorld--underline">
      weapp-vite &amp; weapp-tailwindcss
    </view>
    <view
      class="w-full HelloWorld--w-full max-w-_b640rpx_B HelloWorld--max-w-_b640rpx_B mx-auto HelloWorld--mx-auto rounded-3xl HelloWorld--rounded-3xl p-8 HelloWorld--p-8 bg-white_f95 HelloWorld--bg-white_f95 shadow-xl HelloWorld--shadow-xl shadow-slate-200_f70 HelloWorld--shadow-slate-200_f70 flex HelloWorld--flex flex-col HelloWorld--flex-col gap-6 HelloWorld--gap-6">
      <view class="text-3xl HelloWorld--text-3xl font-semibold HelloWorld--font-semibold text-blue-600 HelloWorld--text-blue-600">Hello weapp-vite + TDesign</view>
      <view class="text-lg HelloWorld--text-lg leading-relaxed HelloWorld--leading-relaxed text-slate-700 HelloWorld--text-slate-700">
        集成 TDesign Miniprogram 与 Tailwind CSS，帮助你快速搭建企业级交互界面。
      </view>
      <view class="flex HelloWorld--flex flex-wrap HelloWorld--flex-wrap gap-4 HelloWorld--gap-4">
        <button
          app-parameter=""
          data-custom="null"
          form-type=""
          hover-class="t-button--hover"
          hover-start-time="20"
          hover-stay-time="70"
          lang=""
          open-type=""
          send-message-img="截图"
          send-message-path="当前分享路径"
          send-message-title="当前标题"
          session-from=""
          style=""
          class="px-5 HelloWorld--px-5 py-2 HelloWorld--py-2 rounded-full HelloWorld--rounded-full text-sm HelloWorld--text-sm font-medium HelloWorld--font-medium transition HelloWorld--transition active_cscale-95 HelloWorld--active_cscale-95 t-button button--t-button t-button--base button--t-button--base t-button--primary button--t-button--primary t-button--rectangle button--t-button--rectangle t-button--size-small button--t-button--size-small"
          role="button"
          aria-disabled="false">
          <view class="t-button__content button--t-button__content">复制文档链接</view>
        </button>
        <button
          app-parameter=""
          data-custom="null"
          form-type=""
          hover-class="t-button--hover"
          hover-start-time="20"
          hover-stay-time="70"
          lang=""
          open-type=""
          send-message-img="截图"
          send-message-path="当前分享路径"
          send-message-title="当前标题"
          session-from=""
          style=""
          class="px-5 HelloWorld--px-5 py-2 HelloWorld--py-2 rounded-full HelloWorld--rounded-full text-sm HelloWorld--text-sm font-medium HelloWorld--font-medium transition HelloWorld--transition active_cscale-95 HelloWorld--active_cscale-95 t-button button--t-button t-button--outline button--t-button--outline t-button--light button--t-button--light t-button--rectangle button--t-button--rectangle t-button--size-small button--t-button--size-small"
          role="button"
          aria-disabled="false">
          <view class="t-button__content button--t-button__content">TDesign 小程序组件</view>
        </button>
      </view>
      <view class="text-xs HelloWorld--text-xs text-slate-400 HelloWorld--text-slate-400">点击按钮即可复制常用链接</view>
    </view>
    <view class="flex items-center">
      当前模式 light 切换模式
      <view class="i-mdi-moon-waxing-crescent text-2xl"></view>
    </view>
    <view class="underline">https://vite.icebreaker.top</view>
    <view class="underline">https://tw.icebreaker.top</view>
    <view>
      <button
        app-parameter=""
        data-custom="null"
        form-type=""
        hover-class="t-button--hover"
        hover-start-time="20"
        hover-stay-time="70"
        lang=""
        open-type=""
        send-message-img="截图"
        send-message-path="当前分享路径"
        send-message-title="当前标题"
        session-from=""
        style=""
        class="t-button button--t-button t-button--base button--t-button--base t-button--primary button--t-button--primary t-button--rectangle button--t-button--rectangle t-button--size-medium button--t-button--size-medium t-button--ghost button--t-button--ghost"
        role="button"
        aria-disabled="false">
        <view class="t-button__content button--t-button__content">TDesign Button</view>
      </button>
    </view>
  </view>
  <view
    class="t-action-sheet sheet--t-action-sheet t-action-sheet--center sheet--t-action-sheet--center t-action-sheet--list sheet--t-action-sheet--list t-action-sheet--no-description sheet--t-action-sheet--no-description"
    id="t-action-sheet--stable"
    style=""></view>
</view>
"
`;
