// Vitest Snapshot v1, https://vitest.dev/guide/snapshot.html

exports[`template e2e: weapp-vite-wevu-tailwindcss-tdesign-template > renders all pages from app config > weapp-vite-wevu-tailwindcss-tdesign-template::pages/data/index 1`] = `
"<view
  class="min-h-screen data-index--min-h-screen bg-_b_hf6f7fb_B data-index--bg-_b_hf6f7fb_B px-_b28rpx_B data-index--px-_b28rpx_B pb-_b88rpx_B data-index--pb-_b88rpx_B pt-_b24rpx_B data-index--pt-_b24rpx_B text-_b_h1c1c3c_B data-index--text-_b_h1c1c3c_B">
  <view
    class="rounded-_b28rpx_B data-index--rounded-_b28rpx_B bg-gradient-to-br data-index--bg-gradient-to-br from-_b_hf1f5ff_B data-index--from-_b_hf1f5ff_B via-_b_heef2ff_B data-index--via-_b_heef2ff_B to-_b_hffffff_B data-index--to-_b_hffffff_B p-_b20rpx_B data-index--p-_b20rpx_B">
    <view class="flex SectionTitle-index--flex items-end SectionTitle-index--items-end justify-between SectionTitle-index--justify-between">
      <view>
        <text
          class="text-_b30rpx_B SectionTitle-index--text-_b30rpx_B font-semibold SectionTitle-index--font-semibold text-_b_h1f1a3f_B SectionTitle-index--text-_b_h1f1a3f_B"></text>
        <text
          class="mt-_b6rpx_B SectionTitle-index--mt-_b6rpx_B block SectionTitle-index--block text-_b22rpx_B SectionTitle-index--text-_b22rpx_B text-_b_h6f6b8a_B SectionTitle-index--text-_b_h6f6b8a_B"></text>
      </view>
    </view>
    <view class="mt-_b12rpx_B data-index--mt-_b12rpx_B">
      <view class="t-tabs tabs--t-tabs t-tabs--top tabs--t-tabs--top" style="">
        <view class="t-sticky sticky--t-sticky t-tabs__sticky tabs--t-tabs__sticky t-tabs__sticky--top tabs--t-tabs__sticky--top" style="z-index: 1">
          <view class="t-sticky__content sticky--t-sticky__content" style="z-index: 1">
            <view class="t-tabs__wrapper tabs--t-tabs__wrapper t-tabs__wrapper--line tabs--t-tabs__wrapper--line">
              <scroll-view
                enable-flex=""
                enable-passive=""
                enhanced=""
                scroll-anchoring=""
                scroll-with-animation=""
                class="t-tabs__scroll tabs--t-tabs__scroll t-tabs__scroll--top tabs--t-tabs__scroll--top t-tabs__scroll--split tabs--t-tabs__scroll--split"
                scroll-left="0"
                scroll-x=""
                type="list">
                <view
                  aria-role="tablist"
                  role="tablist"
                  class="t-tabs__nav tabs--t-tabs__nav t-tabs__nav--top tabs--t-tabs__nav--top t-tabs__nav--evenly tabs--t-tabs__nav--evenly"
                  style="scroll-snap-align: none">
                  <view
                    aria-controls="c9814c17--t_tabs_0_panel_0"
                    aria-disabled="false"
                    aria-role="tab"
                    role="tab"
                    aria-selected="false"
                    class="t-tabs__item tabs--t-tabs__item t-tabs__item--line tabs--t-tabs__item--line t-tabs__item--evenly tabs--t-tabs__item--evenly t-tabs__item--top tabs--t-tabs__item--top"
                    data-index="0">
                    <view aria-hidden="" class="t-tabs__item-inner tabs--t-tabs__item-inner t-tabs__item-inner--line tabs--t-tabs__item-inner--line">今日</view>
                  </view>
                  <view
                    aria-controls="c9814c17--t_tabs_0_panel_1"
                    aria-disabled="false"
                    aria-role="tab"
                    role="tab"
                    aria-selected="true"
                    class="t-tabs__item tabs--t-tabs__item t-tabs__item--line tabs--t-tabs__item--line t-tabs__item--evenly tabs--t-tabs__item--evenly t-tabs__item--top tabs--t-tabs__item--top t-tabs__item--active tabs--t-tabs__item--active"
                    data-index="1">
                    <view
                      aria-hidden=""
                      class="t-tabs__item-inner tabs--t-tabs__item-inner t-tabs__item-inner--line tabs--t-tabs__item-inner--line t-tabs__item-inner--active tabs--t-tabs__item-inner--active">
                      本周
                    </view>
                  </view>
                  <view
                    aria-controls="c9814c17--t_tabs_0_panel_2"
                    aria-disabled="false"
                    aria-role="tab"
                    role="tab"
                    aria-selected="false"
                    class="t-tabs__item tabs--t-tabs__item t-tabs__item--line tabs--t-tabs__item--line t-tabs__item--evenly tabs--t-tabs__item--evenly t-tabs__item--top tabs--t-tabs__item--top"
                    data-index="2">
                    <view aria-hidden="" class="t-tabs__item-inner tabs--t-tabs__item-inner t-tabs__item-inner--line tabs--t-tabs__item-inner--line">本月</view>
                  </view>
                  <view
                    class="t-tabs__track tabs--t-tabs__track t-tabs__track--top tabs--t-tabs__track--top"
                    style="-webkit-transform: translateX(187px); transform: translateX(187px); transition-duration: 0; width: 16px; opacity: 1"></view>
                </view>
              </scroll-view>
            </view>
          </view>
        </view>
        <view class="t-tabs__content tabs--t-tabs__content">
          <view class="t-tabs__content-inner tabs--t-tabs__content-inner" style="">
            <view
              aria-role="tabpanel"
              role="tabpanel"
              class="t-tab-panel panel--t-tab-panel t-tab-panel--inactive panel--t-tab-panel--inactive"
              style="display: none"
              id="723fc055--t_tabs_0_panel_0"></view>
            <view
              aria-role="tabpanel"
              role="tabpanel"
              class="t-tab-panel panel--t-tab-panel t-tab-panel--active panel--t-tab-panel--active"
              style=""
              id="1b31d0d4--t_tabs_0_panel_1"></view>
            <view
              aria-role="tabpanel"
              role="tabpanel"
              class="t-tab-panel panel--t-tab-panel t-tab-panel--inactive panel--t-tab-panel--inactive"
              style="display: none"
              id="063b76de--t_tabs_0_panel_2"></view>
          </view>
        </view>
      </view>
    </view>
  </view>
  <view class="mt-_b18rpx_B data-index--mt-_b18rpx_B">
    <view
      class="rounded-_b24rpx_B KpiBoard-index--rounded-_b24rpx_B bg-white KpiBoard-index--bg-white p-_b20rpx_B KpiBoard-index--p-_b20rpx_B shadow-_b0_18rpx_40rpx_rgba_p17_m24_m39_m0_d08_P_B KpiBoard-index--shadow-_b0_18rpx_40rpx_rgba_p17_m24_m39_m0_d08_P_B">
      <view class="flex KpiBoard-index--flex items-end KpiBoard-index--items-end justify-between KpiBoard-index--justify-between">
        <view>
          <text class="text-_b28rpx_B KpiBoard-index--text-_b28rpx_B font-semibold KpiBoard-index--font-semibold text-_b_h1f1a3f_B KpiBoard-index--text-_b_h1f1a3f_B"></text>
          <text
            class="mt-_b6rpx_B KpiBoard-index--mt-_b6rpx_B block KpiBoard-index--block text-_b22rpx_B KpiBoard-index--text-_b22rpx_B text-_b_h6f6b8a_B KpiBoard-index--text-_b_h6f6b8a_B"></text>
        </view>
      </view>
      <view
        class="mt- KpiBoard-index--mt- 16rpx KpiBoard-index--16rpx grid KpiBoard-index--grid gap- KpiBoard-index--gap- 12rpx KpiBoard-index--12rpx grid-cols-2 KpiBoard-index--grid-cols-2">
        <view>
          <view class="rounded-_b18rpx_B x-0--rounded-_b18rpx_B bg-_b_hf7f7fb_B x-0--bg-_b_hf7f7fb_B p-_b16rpx_B x-0--p-_b16rpx_B">
            <view class="flex x-0--flex items-center x-0--items-center justify-between x-0--justify-between">
              <view class="flex x-0--flex items-center x-0--items-center gap-_b8rpx_B x-0--gap-_b8rpx_B">
                <view class="h- x-0--h- 8rpx x-0--8rpx w- x-0--w- 8rpx x-0--8rpx rounded-full x-0--rounded-full bg- x-0--bg- 22c55e x-0--22c55e"></view>
                <text class="text-_b22rpx_B x-0--text-_b22rpx_B text-_b_h61618a_B x-0--text-_b_h61618a_B"></text>
              </view>
              <view class="rounded-full x-0--rounded-full bg-_b_hfff3c2_B x-0--bg-_b_hfff3c2_B px-_b10rpx_B x-0--px-_b10rpx_B py-_b4rpx_B x-0--py-_b4rpx_B">
                <text class="text-_b18rpx_B x-0--text-_b18rpx_B font-semibold x-0--font-semibold text-_b_h8a5200_B x-0--text-_b_h8a5200_B"></text>
              </view>
            </view>
            <view class="mt-_b10rpx_B x-0--mt-_b10rpx_B flex x-0--flex items-end x-0--items-end justify-between x-0--justify-between">
              <view class="flex x-0--flex items-baseline x-0--items-baseline gap-_b6rpx_B x-0--gap-_b6rpx_B">
                <text class="text-_b32rpx_B x-0--text-_b32rpx_B font-bold x-0--font-bold text-_b_h1c1c3c_B x-0--text-_b_h1c1c3c_B"></text>
                <text class="text-_b20rpx_B x-0--text-_b20rpx_B text-_b_h7a7aa0_B x-0--text-_b_h7a7aa0_B"></text>
              </view>
              <view
                class="rounded-full x-0--rounded-full px- x-0--px- 10rpx x-0--10rpx py- x-0--py- 4rpx x-0--4rpx bg- x-0--bg- e7f7ee x-0--e7f7ee text- x-0--text- 1b7a3a x-0--1b7a3a">
                <text class="text-_b20rpx_B x-0--text-_b20rpx_B font-semibold x-0--font-semibold"></text>
              </view>
            </view>
            <text class="mt-_b6rpx_B x-0--mt-_b6rpx_B block x-0--block text-_b20rpx_B x-0--text-_b20rpx_B text-_b_h8a8aa5_B x-0--text-_b_h8a8aa5_B"></text>
          </view>
        </view>
        <view>
          <view class="rounded-_b18rpx_B x-0--rounded-_b18rpx_B bg-_b_hf7f7fb_B x-0--bg-_b_hf7f7fb_B p-_b16rpx_B x-0--p-_b16rpx_B">
            <view class="flex x-0--flex items-center x-0--items-center justify-between x-0--justify-between">
              <view class="flex x-0--flex items-center x-0--items-center gap-_b8rpx_B x-0--gap-_b8rpx_B">
                <view class="h- x-0--h- 8rpx x-0--8rpx w- x-0--w- 8rpx x-0--8rpx rounded-full x-0--rounded-full bg- x-0--bg- 22c55e x-0--22c55e"></view>
                <text class="text-_b22rpx_B x-0--text-_b22rpx_B text-_b_h61618a_B x-0--text-_b_h61618a_B"></text>
              </view>
            </view>
            <view class="mt-_b10rpx_B x-0--mt-_b10rpx_B flex x-0--flex items-end x-0--items-end justify-between x-0--justify-between">
              <view class="flex x-0--flex items-baseline x-0--items-baseline gap-_b6rpx_B x-0--gap-_b6rpx_B">
                <text class="text-_b32rpx_B x-0--text-_b32rpx_B font-bold x-0--font-bold text-_b_h1c1c3c_B x-0--text-_b_h1c1c3c_B"></text>
                <text class="text-_b20rpx_B x-0--text-_b20rpx_B text-_b_h7a7aa0_B x-0--text-_b_h7a7aa0_B"></text>
              </view>
              <view
                class="rounded-full x-0--rounded-full px- x-0--px- 10rpx x-0--10rpx py- x-0--py- 4rpx x-0--4rpx bg- x-0--bg- e7f7ee x-0--e7f7ee text- x-0--text- 1b7a3a x-0--1b7a3a">
                <text class="text-_b20rpx_B x-0--text-_b20rpx_B font-semibold x-0--font-semibold"></text>
              </view>
            </view>
            <text class="mt-_b6rpx_B x-0--mt-_b6rpx_B block x-0--block text-_b20rpx_B x-0--text-_b20rpx_B text-_b_h8a8aa5_B x-0--text-_b_h8a8aa5_B"></text>
          </view>
        </view>
        <view>
          <view class="rounded-_b18rpx_B x-0--rounded-_b18rpx_B bg-_b_hf7f7fb_B x-0--bg-_b_hf7f7fb_B p-_b16rpx_B x-0--p-_b16rpx_B">
            <view class="flex x-0--flex items-center x-0--items-center justify-between x-0--justify-between">
              <view class="flex x-0--flex items-center x-0--items-center gap-_b8rpx_B x-0--gap-_b8rpx_B">
                <view class="h- x-0--h- 8rpx x-0--8rpx w- x-0--w- 8rpx x-0--8rpx rounded-full x-0--rounded-full bg- x-0--bg- 22c55e x-0--22c55e"></view>
                <text class="text-_b22rpx_B x-0--text-_b22rpx_B text-_b_h61618a_B x-0--text-_b_h61618a_B"></text>
              </view>
            </view>
            <view class="mt-_b10rpx_B x-0--mt-_b10rpx_B flex x-0--flex items-end x-0--items-end justify-between x-0--justify-between">
              <view class="flex x-0--flex items-baseline x-0--items-baseline gap-_b6rpx_B x-0--gap-_b6rpx_B">
                <text class="text-_b32rpx_B x-0--text-_b32rpx_B font-bold x-0--font-bold text-_b_h1c1c3c_B x-0--text-_b_h1c1c3c_B"></text>
                <text class="text-_b20rpx_B x-0--text-_b20rpx_B text-_b_h7a7aa0_B x-0--text-_b_h7a7aa0_B"></text>
              </view>
              <view
                class="rounded-full x-0--rounded-full px- x-0--px- 10rpx x-0--10rpx py- x-0--py- 4rpx x-0--4rpx bg- x-0--bg- e7f7ee x-0--e7f7ee text- x-0--text- 1b7a3a x-0--1b7a3a">
                <text class="text-_b20rpx_B x-0--text-_b20rpx_B font-semibold x-0--font-semibold"></text>
              </view>
            </view>
            <text class="mt-_b6rpx_B x-0--mt-_b6rpx_B block x-0--block text-_b20rpx_B x-0--text-_b20rpx_B text-_b_h8a8aa5_B x-0--text-_b_h8a8aa5_B"></text>
          </view>
        </view>
        <view>
          <view class="rounded-_b18rpx_B x-0--rounded-_b18rpx_B bg-_b_hf7f7fb_B x-0--bg-_b_hf7f7fb_B p-_b16rpx_B x-0--p-_b16rpx_B">
            <view class="flex x-0--flex items-center x-0--items-center justify-between x-0--justify-between">
              <view class="flex x-0--flex items-center x-0--items-center gap-_b8rpx_B x-0--gap-_b8rpx_B">
                <view class="h- x-0--h- 8rpx x-0--8rpx w- x-0--w- 8rpx x-0--8rpx rounded-full x-0--rounded-full bg- x-0--bg- 22c55e x-0--22c55e"></view>
                <text class="text-_b22rpx_B x-0--text-_b22rpx_B text-_b_h61618a_B x-0--text-_b_h61618a_B"></text>
              </view>
            </view>
            <view class="mt-_b10rpx_B x-0--mt-_b10rpx_B flex x-0--flex items-end x-0--items-end justify-between x-0--justify-between">
              <view class="flex x-0--flex items-baseline x-0--items-baseline gap-_b6rpx_B x-0--gap-_b6rpx_B">
                <text class="text-_b32rpx_B x-0--text-_b32rpx_B font-bold x-0--font-bold text-_b_h1c1c3c_B x-0--text-_b_h1c1c3c_B"></text>
                <text class="text-_b20rpx_B x-0--text-_b20rpx_B text-_b_h7a7aa0_B x-0--text-_b_h7a7aa0_B"></text>
              </view>
              <view
                class="rounded-full x-0--rounded-full px- x-0--px- 10rpx x-0--10rpx py- x-0--py- 4rpx x-0--4rpx bg- x-0--bg- e7f7ee x-0--e7f7ee text- x-0--text- 1b7a3a x-0--1b7a3a">
                <text class="text-_b20rpx_B x-0--text-_b20rpx_B font-semibold x-0--font-semibold"></text>
              </view>
            </view>
            <text class="mt-_b6rpx_B x-0--mt-_b6rpx_B block x-0--block text-_b20rpx_B x-0--text-_b20rpx_B text-_b_h8a8aa5_B x-0--text-_b_h8a8aa5_B"></text>
          </view>
        </view>
      </view>
    </view>
  </view>
  <view class="mt-_b18rpx_B data-index--mt-_b18rpx_B">
    <view class="flex SectionTitle-index--flex items-end SectionTitle-index--items-end justify-between SectionTitle-index--justify-between">
      <view>
        <text
          class="text-_b30rpx_B SectionTitle-index--text-_b30rpx_B font-semibold SectionTitle-index--font-semibold text-_b_h1f1a3f_B SectionTitle-index--text-_b_h1f1a3f_B"></text>
        <text
          class="mt-_b6rpx_B SectionTitle-index--mt-_b6rpx_B block SectionTitle-index--block text-_b22rpx_B SectionTitle-index--text-_b22rpx_B text-_b_h6f6b8a_B SectionTitle-index--text-_b_h6f6b8a_B"></text>
      </view>
    </view>
    <view class="mt-_b12rpx_B data-index--mt-_b12rpx_B grid data-index--grid gap-_b12rpx_B data-index--gap-_b12rpx_B">
      <view
        class="rounded-_b20rpx_B index--rounded-_b20rpx_B bg-white index--bg-white p-_b18rpx_B index--p-_b18rpx_B shadow-_b0_12rpx_28rpx_rgba_p17_m24_m39_m0_d08_P_B index--shadow-_b0_12rpx_28rpx_rgba_p17_m24_m39_m0_d08_P_B">
        <view class="flex index--flex items-center index--items-center justify-between index--justify-between">
          <text class="text-_b24rpx_B index--text-_b24rpx_B text-_b_h5b5876_B index--text-_b_h5b5876_B"></text>
          <text class="text- index--text- 20rpx index--20rpx"></text>
        </view>
        <view class="mt-_b12rpx_B index--mt-_b12rpx_B flex index--flex items-baseline index--items-baseline gap-_b6rpx_B index--gap-_b6rpx_B">
          <text class="text-_b36rpx_B index--text-_b36rpx_B font-bold index--font-bold text-_b_h1f1a3f_B index--text-_b_h1f1a3f_B"></text>
          <text class="text-_b20rpx_B index--text-_b20rpx_B text-_b_h7a7aa0_B index--text-_b_h7a7aa0_B"></text>
        </view>
        <view class="t-progress progress--t-progress mt-_b12rpx_B index--mt-_b12rpx_B" style="">
          <view class="t-progress--thin progress--t-progress--thin t-progress--status--active progress--t-progress--status--active">
            <view
              aria-live="polite"
              aria-role="progressbar"
              role="progressbar"
              aria-valuemax="100"
              aria-valuemin="0"
              aria-valuenow="78"
              class="t-progress__bar progress--t-progress__bar"
              style="height: 6px; border-radius: 6px; background-color:">
              <view class="t-progress__inner progress--t-progress__inner" style="background:; width: 78%"></view>
            </view>
            <view aria-hidden="true" class="t-progress__info progress--t-progress__info"><text></text></view>
          </view>
        </view>
      </view>
      <view
        class="rounded-_b20rpx_B index--rounded-_b20rpx_B bg-white index--bg-white p-_b18rpx_B index--p-_b18rpx_B shadow-_b0_12rpx_28rpx_rgba_p17_m24_m39_m0_d08_P_B index--shadow-_b0_12rpx_28rpx_rgba_p17_m24_m39_m0_d08_P_B">
        <view class="flex index--flex items-center index--items-center justify-between index--justify-between">
          <text class="text-_b24rpx_B index--text-_b24rpx_B text-_b_h5b5876_B index--text-_b_h5b5876_B"></text>
          <text class="text- index--text- 20rpx index--20rpx"></text>
        </view>
        <view class="mt-_b12rpx_B index--mt-_b12rpx_B flex index--flex items-baseline index--items-baseline gap-_b6rpx_B index--gap-_b6rpx_B">
          <text class="text-_b36rpx_B index--text-_b36rpx_B font-bold index--font-bold text-_b_h1f1a3f_B index--text-_b_h1f1a3f_B"></text>
          <text class="text-_b20rpx_B index--text-_b20rpx_B text-_b_h7a7aa0_B index--text-_b_h7a7aa0_B"></text>
        </view>
        <view class="t-progress progress--t-progress mt-_b12rpx_B index--mt-_b12rpx_B" style="">
          <view class="t-progress--thin progress--t-progress--thin t-progress--status--active progress--t-progress--status--active">
            <view
              aria-live="polite"
              aria-role="progressbar"
              role="progressbar"
              aria-valuemax="100"
              aria-valuemin="0"
              aria-valuenow="56"
              class="t-progress__bar progress--t-progress__bar"
              style="height: 6px; border-radius: 6px; background-color:">
              <view class="t-progress__inner progress--t-progress__inner" style="background:; width: 56%"></view>
            </view>
            <view aria-hidden="true" class="t-progress__info progress--t-progress__info"><text></text></view>
          </view>
        </view>
      </view>
      <view
        class="rounded-_b20rpx_B index--rounded-_b20rpx_B bg-white index--bg-white p-_b18rpx_B index--p-_b18rpx_B shadow-_b0_12rpx_28rpx_rgba_p17_m24_m39_m0_d08_P_B index--shadow-_b0_12rpx_28rpx_rgba_p17_m24_m39_m0_d08_P_B">
        <view class="flex index--flex items-center index--items-center justify-between index--justify-between">
          <text class="text-_b24rpx_B index--text-_b24rpx_B text-_b_h5b5876_B index--text-_b_h5b5876_B"></text>
          <text class="text- index--text- 20rpx index--20rpx"></text>
        </view>
        <view class="mt-_b12rpx_B index--mt-_b12rpx_B flex index--flex items-baseline index--items-baseline gap-_b6rpx_B index--gap-_b6rpx_B">
          <text class="text-_b36rpx_B index--text-_b36rpx_B font-bold index--font-bold text-_b_h1f1a3f_B index--text-_b_h1f1a3f_B"></text>
          <text class="text-_b20rpx_B index--text-_b20rpx_B text-_b_h7a7aa0_B index--text-_b_h7a7aa0_B"></text>
        </view>
        <view class="t-progress progress--t-progress mt-_b12rpx_B index--mt-_b12rpx_B" style="">
          <view class="t-progress--thin progress--t-progress--thin t-progress--status--active progress--t-progress--status--active">
            <view
              aria-live="polite"
              aria-role="progressbar"
              role="progressbar"
              aria-valuemax="100"
              aria-valuemin="0"
              aria-valuenow="68"
              class="t-progress__bar progress--t-progress__bar"
              style="height: 6px; border-radius: 6px; background-color:">
              <view class="t-progress__inner progress--t-progress__inner" style="background:; width: 68%"></view>
            </view>
            <view aria-hidden="true" class="t-progress__info progress--t-progress__info"><text></text></view>
          </view>
        </view>
      </view>
    </view>
  </view>
  <view
    class="mt-_b18rpx_B data-index--mt-_b18rpx_B rounded-_b24rpx_B data-index--rounded-_b24rpx_B bg-white data-index--bg-white p-_b20rpx_B data-index--p-_b20rpx_B shadow-_b0_18rpx_40rpx_rgba_p17_m24_m39_m0_d08_P_B data-index--shadow-_b0_18rpx_40rpx_rgba_p17_m24_m39_m0_d08_P_B">
    <view class="flex SectionTitle-index--flex items-end SectionTitle-index--items-end justify-between SectionTitle-index--justify-between">
      <view>
        <text
          class="text-_b30rpx_B SectionTitle-index--text-_b30rpx_B font-semibold SectionTitle-index--font-semibold text-_b_h1f1a3f_B SectionTitle-index--text-_b_h1f1a3f_B"></text>
        <text
          class="mt-_b6rpx_B SectionTitle-index--mt-_b6rpx_B block SectionTitle-index--block text-_b22rpx_B SectionTitle-index--text-_b22rpx_B text-_b_h6f6b8a_B SectionTitle-index--text-_b_h6f6b8a_B"></text>
      </view>
    </view>
    <view class="mt-_b12rpx_B data-index--mt-_b12rpx_B space-y-_b10rpx_B data-index--space-y-_b10rpx_B">
      <view class="flex data-index--flex items-center data-index--items-center gap-_b8rpx_B data-index--gap-_b8rpx_B">
        <view class="h-_b8rpx_B data-index--h-_b8rpx_B w-_b8rpx_B data-index--w-_b8rpx_B rounded-full data-index--rounded-full bg-_b_h5a48c5_B data-index--bg-_b_h5a48c5_B"></view>
        <text class="text-_b22rpx_B data-index--text-_b22rpx_B text-_b_h4c4b68_B data-index--text-_b_h4c4b68_B"></text>
      </view>
      <view class="flex data-index--flex items-center data-index--items-center gap-_b8rpx_B data-index--gap-_b8rpx_B">
        <view class="h-_b8rpx_B data-index--h-_b8rpx_B w-_b8rpx_B data-index--w-_b8rpx_B rounded-full data-index--rounded-full bg-_b_h5a48c5_B data-index--bg-_b_h5a48c5_B"></view>
        <text class="text-_b22rpx_B data-index--text-_b22rpx_B text-_b_h4c4b68_B data-index--text-_b_h4c4b68_B"></text>
      </view>
      <view class="flex data-index--flex items-center data-index--items-center gap-_b8rpx_B data-index--gap-_b8rpx_B">
        <view class="h-_b8rpx_B data-index--h-_b8rpx_B w-_b8rpx_B data-index--w-_b8rpx_B rounded-full data-index--rounded-full bg-_b_h5a48c5_B data-index--bg-_b_h5a48c5_B"></view>
        <text class="text-_b22rpx_B data-index--text-_b22rpx_B text-_b_h4c4b68_B data-index--text-_b_h4c4b68_B"></text>
      </view>
    </view>
  </view>
</view>
"
`;

exports[`template e2e: weapp-vite-wevu-tailwindcss-tdesign-template > renders all pages from app config > weapp-vite-wevu-tailwindcss-tdesign-template::pages/index/index 1`] = `
"<view
  class="min-h-screen index-index--min-h-screen bg-_b_hf6f7fb_B index-index--bg-_b_hf6f7fb_B px-_b28rpx_B index-index--px-_b28rpx_B pb-_b88rpx_B index-index--pb-_b88rpx_B pt-_b32rpx_B index-index--pt-_b32rpx_B text-_b_h1c1c3c_B index-index--text-_b_h1c1c3c_B">
  <view
    class="rounded-_b28rpx_B index-index--rounded-_b28rpx_B bg-gradient-to-br index-index--bg-gradient-to-br from-_b_h2f2b5f_B index-index--from-_b_h2f2b5f_B via-_b_h3b3573_B index-index--via-_b_h3b3573_B to-_b_h5a48c5_B index-index--to-_b_h5a48c5_B p-_b24rpx_B index-index--p-_b24rpx_B text-white index-index--text-white shadow-_b0_24rpx_48rpx_rgba_p47_m43_m95_m0_d35_P_B index-index--shadow-_b0_24rpx_48rpx_rgba_p47_m43_m95_m0_d35_P_B">
    <text class="text-_b38rpx_B index-index--text-_b38rpx_B font-semibold index-index--font-semibold"></text>
    <text class="mt-_b8rpx_B index-index--mt-_b8rpx_B block index-index--block text-_b22rpx_B index-index--text-_b22rpx_B text-white_f80 index-index--text-white_f80"></text>
    <view class="mt-_b12rpx_B index-index--mt-_b12rpx_B flex index-index--flex flex-wrap index-index--flex-wrap gap-_b8rpx_B index-index--gap-_b8rpx_B">
      <view class="t-tag tag--t-tag t-tag--primary tag--t-tag--primary t-tag--dark tag--t-tag--dark t-tag--small tag--t-tag--small t-tag--square tag--t-tag--square" style="">
        <view aria-hidden="true" class="t-tag__icon tag--t-tag__icon"></view>
        <view class="t-tag__text tag--t-tag__text">Composition API</view>
      </view>
      <view class="t-tag tag--t-tag t-tag--primary tag--t-tag--primary t-tag--dark tag--t-tag--dark t-tag--small tag--t-tag--small t-tag--square tag--t-tag--square" style="">
        <view aria-hidden="true" class="t-tag__icon tag--t-tag__icon"></view>
        <view class="t-tag__text tag--t-tag__text">SubPackages</view>
      </view>
      <view class="t-tag tag--t-tag t-tag--primary tag--t-tag--primary t-tag--dark tag--t-tag--dark t-tag--small tag--t-tag--small t-tag--square tag--t-tag--square" style="">
        <view aria-hidden="true" class="t-tag__icon tag--t-tag__icon"></view>
        <view class="t-tag__text tag--t-tag__text">Auto Import</view>
      </view>
      <view class="t-tag tag--t-tag t-tag--primary tag--t-tag--primary t-tag--dark tag--t-tag--dark t-tag--small tag--t-tag--small t-tag--square tag--t-tag--square" style="">
        <view aria-hidden="true" class="t-tag__icon tag--t-tag__icon"></view>
        <view class="t-tag__text tag--t-tag__text">Tailwind</view>
      </view>
    </view>
    <view class="mt-_b16rpx_B index-index--mt-_b16rpx_B flex index-index--flex items-center index-index--items-center justify-between index-index--justify-between">
      <text class="text-_b20rpx_B index-index--text-_b20rpx_B text-white_f70 index-index--text-white_f70"></text>
      <button
        app-parameter=""
        data-custom="null"
        form-type=""
        hover-class="t-button--hover"
        hover-start-time="20"
        hover-stay-time="70"
        lang=""
        open-type=""
        send-message-img="截图"
        send-message-path="当前分享路径"
        send-message-title="当前标题"
        session-from=""
        style=""
        class="t-button button--t-button t-button--outline button--t-button--outline t-button--default button--t-button--default t-button--rectangle button--t-button--rectangle t-button--size-small button--t-button--size-small"
        role="button"
        aria-disabled="false">
        <view class="t-button__content button--t-button__content">刷新指标</view>
      </button>
    </view>
  </view>
  <view class="mt-_b16rpx_B index-index--mt-_b16rpx_B"></view>
  <view class="mt-_b20rpx_B index-index--mt-_b20rpx_B">
    <view
      class="rounded-_b24rpx_B KpiBoard-index--rounded-_b24rpx_B bg-white KpiBoard-index--bg-white p-_b20rpx_B KpiBoard-index--p-_b20rpx_B shadow-_b0_18rpx_40rpx_rgba_p17_m24_m39_m0_d08_P_B KpiBoard-index--shadow-_b0_18rpx_40rpx_rgba_p17_m24_m39_m0_d08_P_B">
      <view class="flex KpiBoard-index--flex items-end KpiBoard-index--items-end justify-between KpiBoard-index--justify-between">
        <view>
          <text class="text-_b28rpx_B KpiBoard-index--text-_b28rpx_B font-semibold KpiBoard-index--font-semibold text-_b_h1f1a3f_B KpiBoard-index--text-_b_h1f1a3f_B"></text>
          <text
            class="mt-_b6rpx_B KpiBoard-index--mt-_b6rpx_B block KpiBoard-index--block text-_b22rpx_B KpiBoard-index--text-_b22rpx_B text-_b_h6f6b8a_B KpiBoard-index--text-_b_h6f6b8a_B"></text>
        </view>
        <view>
          <button
            app-parameter=""
            data-custom="null"
            form-type=""
            hover-class="t-button--hover"
            hover-start-time="20"
            hover-stay-time="70"
            lang=""
            open-type=""
            send-message-img="截图"
            send-message-path="当前分享路径"
            send-message-title="当前标题"
            session-from=""
            style=""
            class="t-button button--t-button t-button--outline button--t-button--outline t-button--primary button--t-button--primary t-button--rectangle button--t-button--rectangle t-button--size-small button--t-button--size-small"
            role="button"
            aria-disabled="false">
            <view class="t-button__content button--t-button__content">重新计算</view>
          </button>
        </view>
      </view>
      <view
        class="mt- KpiBoard-index--mt- 16rpx KpiBoard-index--16rpx grid KpiBoard-index--grid gap- KpiBoard-index--gap- 12rpx KpiBoard-index--12rpx grid-cols-2 KpiBoard-index--grid-cols-2">
        <view class="rounded-_b18rpx_B x-0--rounded-_b18rpx_B bg-_b_hf4f6ff_B x-0--bg-_b_hf4f6ff_B p-_b16rpx_B x-0--p-_b16rpx_B">
          <view class="flex x-0--flex items-center x-0--items-center justify-between x-0--justify-between">
            <text class="text-_b22rpx_B x-0--text-_b22rpx_B text-_b_h51517c_B x-0--text-_b_h51517c_B"></text>
            <view
              class="t-tag tag--t-tag t-tag--warning tag--t-tag--warning t-tag--light tag--t-tag--light t-tag--small tag--t-tag--small t-tag--square tag--t-tag--square"
              style="">
              <view aria-hidden="true" class="t-tag__icon tag--t-tag__icon"></view>
              <view class="t-tag__text tag--t-tag__text">热点</view>
            </view>
          </view>
          <view class="mt-_b12rpx_B x-0--mt-_b12rpx_B flex x-0--flex items-end x-0--items-end justify-between x-0--justify-between">
            <view class="flex x-0--flex items-baseline x-0--items-baseline gap-_b6rpx_B x-0--gap-_b6rpx_B">
              <text class="text-_b32rpx_B x-0--text-_b32rpx_B font-semibold x-0--font-semibold text-_b_h1f1a3f_B x-0--text-_b_h1f1a3f_B"></text>
              <text class="text-_b20rpx_B x-0--text-_b20rpx_B text-_b_h7a7aa0_B x-0--text-_b_h7a7aa0_B"></text>
            </view>
            <text class="text- x-0--text- 20rpx x-0--20rpx font-semibold x-0--font-semibold text- x-0--text- 1b7a3a x-0--1b7a3a"></text>
          </view>
          <text class="mt-_b6rpx_B x-0--mt-_b6rpx_B block x-0--block text-_b20rpx_B x-0--text-_b20rpx_B text-_b_h7a7aa0_B x-0--text-_b_h7a7aa0_B"></text>
        </view>
        <view class="rounded-_b18rpx_B x-0--rounded-_b18rpx_B bg-_b_hf4f6ff_B x-0--bg-_b_hf4f6ff_B p-_b16rpx_B x-0--p-_b16rpx_B">
          <view class="flex x-0--flex items-center x-0--items-center justify-between x-0--justify-between">
            <text class="text-_b22rpx_B x-0--text-_b22rpx_B text-_b_h51517c_B x-0--text-_b_h51517c_B"></text>
          </view>
          <view class="mt-_b12rpx_B x-0--mt-_b12rpx_B flex x-0--flex items-end x-0--items-end justify-between x-0--justify-between">
            <view class="flex x-0--flex items-baseline x-0--items-baseline gap-_b6rpx_B x-0--gap-_b6rpx_B">
              <text class="text-_b32rpx_B x-0--text-_b32rpx_B font-semibold x-0--font-semibold text-_b_h1f1a3f_B x-0--text-_b_h1f1a3f_B"></text>
              <text class="text-_b20rpx_B x-0--text-_b20rpx_B text-_b_h7a7aa0_B x-0--text-_b_h7a7aa0_B"></text>
            </view>
            <text class="text- x-0--text- 20rpx x-0--20rpx font-semibold x-0--font-semibold text- x-0--text- 1b7a3a x-0--1b7a3a"></text>
          </view>
          <text class="mt-_b6rpx_B x-0--mt-_b6rpx_B block x-0--block text-_b20rpx_B x-0--text-_b20rpx_B text-_b_h7a7aa0_B x-0--text-_b_h7a7aa0_B"></text>
        </view>
        <view class="rounded-_b18rpx_B x-0--rounded-_b18rpx_B bg-_b_hf4f6ff_B x-0--bg-_b_hf4f6ff_B p-_b16rpx_B x-0--p-_b16rpx_B">
          <view class="flex x-0--flex items-center x-0--items-center justify-between x-0--justify-between">
            <text class="text-_b22rpx_B x-0--text-_b22rpx_B text-_b_h51517c_B x-0--text-_b_h51517c_B"></text>
          </view>
          <view class="mt-_b12rpx_B x-0--mt-_b12rpx_B flex x-0--flex items-end x-0--items-end justify-between x-0--justify-between">
            <view class="flex x-0--flex items-baseline x-0--items-baseline gap-_b6rpx_B x-0--gap-_b6rpx_B">
              <text class="text-_b32rpx_B x-0--text-_b32rpx_B font-semibold x-0--font-semibold text-_b_h1f1a3f_B x-0--text-_b_h1f1a3f_B"></text>
              <text class="text-_b20rpx_B x-0--text-_b20rpx_B text-_b_h7a7aa0_B x-0--text-_b_h7a7aa0_B"></text>
            </view>
            <text class="text- x-0--text- 20rpx x-0--20rpx font-semibold x-0--font-semibold text- x-0--text- b42318 x-0--b42318"></text>
          </view>
          <text class="mt-_b6rpx_B x-0--mt-_b6rpx_B block x-0--block text-_b20rpx_B x-0--text-_b20rpx_B text-_b_h7a7aa0_B x-0--text-_b_h7a7aa0_B"></text>
        </view>
        <view class="rounded-_b18rpx_B x-0--rounded-_b18rpx_B bg-_b_hf4f6ff_B x-0--bg-_b_hf4f6ff_B p-_b16rpx_B x-0--p-_b16rpx_B">
          <view class="flex x-0--flex items-center x-0--items-center justify-between x-0--justify-between">
            <text class="text-_b22rpx_B x-0--text-_b22rpx_B text-_b_h51517c_B x-0--text-_b_h51517c_B"></text>
          </view>
          <view class="mt-_b12rpx_B x-0--mt-_b12rpx_B flex x-0--flex items-end x-0--items-end justify-between x-0--justify-between">
            <view class="flex x-0--flex items-baseline x-0--items-baseline gap-_b6rpx_B x-0--gap-_b6rpx_B">
              <text class="text-_b32rpx_B x-0--text-_b32rpx_B font-semibold x-0--font-semibold text-_b_h1f1a3f_B x-0--text-_b_h1f1a3f_B"></text>
              <text class="text-_b20rpx_B x-0--text-_b20rpx_B text-_b_h7a7aa0_B x-0--text-_b_h7a7aa0_B"></text>
            </view>
            <text class="text- x-0--text- 20rpx x-0--20rpx font-semibold x-0--font-semibold text- x-0--text- 1b7a3a x-0--1b7a3a"></text>
          </view>
          <text class="mt-_b6rpx_B x-0--mt-_b6rpx_B block x-0--block text-_b20rpx_B x-0--text-_b20rpx_B text-_b_h7a7aa0_B x-0--text-_b_h7a7aa0_B"></text>
        </view>
      </view>
    </view>
  </view>
  <view class="mt-_b20rpx_B index-index--mt-_b20rpx_B">
    <view
      class="rounded-_b24rpx_B index--rounded-_b24rpx_B bg-white index--bg-white p-_b20rpx_B index--p-_b20rpx_B shadow-_b0_18rpx_40rpx_rgba_p17_m24_m39_m0_d08_P_B index--shadow-_b0_18rpx_40rpx_rgba_p17_m24_m39_m0_d08_P_B">
      <view class="flex index--flex items-end index--items-end justify-between index--justify-between">
        <view>
          <text class="text-_b28rpx_B index--text-_b28rpx_B font-semibold index--font-semibold text-_b_h1f1a3f_B index--text-_b_h1f1a3f_B"></text>
          <text class="mt-_b6rpx_B index--mt-_b6rpx_B block index--block text-_b22rpx_B index--text-_b22rpx_B text-_b_h6f6b8a_B index--text-_b_h6f6b8a_B"></text>
        </view>
      </view>
      <view class="mt-_b16rpx_B index--mt-_b16rpx_B grid index--grid grid-cols-2 index--grid-cols-2 gap-_b12rpx_B index--gap-_b12rpx_B">
        <view
          class="rounded- index--rounded- 18rpx index--18rpx bg- index--bg- f7f7fb index--f7f7fb p- index--p- 16rpx index--16rpx opacity-100 index--opacity-100"
          data-wv-inline-id="__wv_inline_0"
          data-wv-s0="[object Object]">
          <view class="flex index--flex items-center index--items-center justify-between index--justify-between">
            <view class="flex index--flex items-center index--items-center gap-_b8rpx_B index--gap-_b8rpx_B">
              <view
                class="flex index--flex h- index--h- 36rpx index--36rpx w- index--w- 36rpx index--36rpx items-center index--items-center justify-center index--justify-center rounded- index--rounded- 12rpx index--12rpx">
                <view aria-hidden="false" aria-role="" class="t-icon icon--t-icon" style="font-size: 22px">
                  <label class="t-icon-chart-analytics icon--t-icon-chart-analytics t-icon-base icon--t-icon-base"></label>
                </view>
              </view>
              <text class="text-_b24rpx_B index--text-_b24rpx_B font-semibold index--font-semibold text-_b_h1f1a3f_B index--text-_b_h1f1a3f_B"></text>
            </view>
            <view
              class="t-tag tag--t-tag t-tag--primary tag--t-tag--primary t-tag--light tag--t-tag--light t-tag--small tag--t-tag--small t-tag--square tag--t-tag--square"
              style="">
              <view aria-hidden="true" class="t-tag__icon tag--t-tag__icon"></view>
              <view class="t-tag__text tag--t-tag__text">KPI</view>
            </view>
          </view>
          <text class="mt-_b10rpx_B index--mt-_b10rpx_B block index--block text-_b20rpx_B index--text-_b20rpx_B text-_b_h6f6b8a_B index--text-_b_h6f6b8a_B"></text>
        </view>
        <view
          class="rounded- index--rounded- 18rpx index--18rpx bg- index--bg- f7f7fb index--f7f7fb p- index--p- 16rpx index--16rpx opacity-100 index--opacity-100"
          data-wv-inline-id="__wv_inline_0"
          data-wv-s0="[object Object]">
          <view class="flex index--flex items-center index--items-center justify-between index--justify-between">
            <view class="flex index--flex items-center index--items-center gap-_b8rpx_B index--gap-_b8rpx_B">
              <view
                class="flex index--flex h- index--h- 36rpx index--36rpx w- index--w- 36rpx index--36rpx items-center index--items-center justify-center index--justify-center rounded- index--rounded- 12rpx index--12rpx">
                <view aria-hidden="false" aria-role="" class="t-icon icon--t-icon" style="font-size: 22px">
                  <label class="t-icon-edit-1 icon--t-icon-edit-1 t-icon-base icon--t-icon-base"></label>
                </view>
              </view>
              <text class="text-_b24rpx_B index--text-_b24rpx_B font-semibold index--font-semibold text-_b_h1f1a3f_B index--text-_b_h1f1a3f_B"></text>
            </view>
            <view
              class="t-tag tag--t-tag t-tag--primary tag--t-tag--primary t-tag--light tag--t-tag--light t-tag--small tag--t-tag--small t-tag--square tag--t-tag--square"
              style="">
              <view aria-hidden="true" class="t-tag__icon tag--t-tag__icon"></view>
              <view class="t-tag__text tag--t-tag__text">Flow</view>
            </view>
          </view>
          <text class="mt-_b10rpx_B index--mt-_b10rpx_B block index--block text-_b20rpx_B index--text-_b20rpx_B text-_b_h6f6b8a_B index--text-_b_h6f6b8a_B"></text>
        </view>
        <view
          class="rounded- index--rounded- 18rpx index--18rpx bg- index--bg- f7f7fb index--f7f7fb p- index--p- 16rpx index--16rpx opacity-100 index--opacity-100"
          data-wv-inline-id="__wv_inline_0"
          data-wv-s0="[object Object]">
          <view class="flex index--flex items-center index--items-center justify-between index--justify-between">
            <view class="flex index--flex items-center index--items-center gap-_b8rpx_B index--gap-_b8rpx_B">
              <view
                class="flex index--flex h- index--h- 36rpx index--36rpx w- index--w- 36rpx index--36rpx items-center index--items-center justify-center index--justify-center rounded- index--rounded- 12rpx index--12rpx">
                <view aria-hidden="false" aria-role="" class="t-icon icon--t-icon" style="font-size: 22px">
                  <label class="t-icon-view-list icon--t-icon-view-list t-icon-base icon--t-icon-base"></label>
                </view>
              </view>
              <text class="text-_b24rpx_B index--text-_b24rpx_B font-semibold index--font-semibold text-_b_h1f1a3f_B index--text-_b_h1f1a3f_B"></text>
            </view>
            <view
              class="t-tag tag--t-tag t-tag--primary tag--t-tag--primary t-tag--light tag--t-tag--light t-tag--small tag--t-tag--small t-tag--square tag--t-tag--square"
              style="">
              <view aria-hidden="true" class="t-tag__icon tag--t-tag__icon"></view>
              <view class="t-tag__text tag--t-tag__text">List</view>
            </view>
          </view>
          <text class="mt-_b10rpx_B index--mt-_b10rpx_B block index--block text-_b20rpx_B index--text-_b20rpx_B text-_b_h6f6b8a_B index--text-_b_h6f6b8a_B"></text>
        </view>
        <view
          class="rounded- index--rounded- 18rpx index--18rpx bg- index--bg- f7f7fb index--f7f7fb p- index--p- 16rpx index--16rpx opacity-100 index--opacity-100"
          data-wv-inline-id="__wv_inline_0"
          data-wv-s0="[object Object]">
          <view class="flex index--flex items-center index--items-center justify-between index--justify-between">
            <view class="flex index--flex items-center index--items-center gap-_b8rpx_B index--gap-_b8rpx_B">
              <view
                class="flex index--flex h- index--h- 36rpx index--36rpx w- index--w- 36rpx index--36rpx items-center index--items-center justify-center index--justify-center rounded- index--rounded- 12rpx index--12rpx">
                <view aria-hidden="false" aria-role="" class="t-icon icon--t-icon" style="font-size: 22px">
                  <label class="t-icon-app icon--t-icon-app t-icon-base icon--t-icon-base"></label>
                </view>
              </view>
              <text class="text-_b24rpx_B index--text-_b24rpx_B font-semibold index--font-semibold text-_b_h1f1a3f_B index--text-_b_h1f1a3f_B"></text>
            </view>
            <view
              class="t-tag tag--t-tag t-tag--primary tag--t-tag--primary t-tag--light tag--t-tag--light t-tag--small tag--t-tag--small t-tag--square tag--t-tag--square"
              style="">
              <view aria-hidden="true" class="t-tag__icon tag--t-tag__icon"></view>
              <view class="t-tag__text tag--t-tag__text">API</view>
            </view>
          </view>
          <text class="mt-_b10rpx_B index--mt-_b10rpx_B block index--block text-_b20rpx_B index--text-_b20rpx_B text-_b_h6f6b8a_B index--text-_b_h6f6b8a_B"></text>
        </view>
        <view
          class="rounded- index--rounded- 18rpx index--18rpx bg- index--bg- f7f7fb index--f7f7fb p- index--p- 16rpx index--16rpx opacity-100 index--opacity-100"
          data-wv-inline-id="__wv_inline_0"
          data-wv-s0="[object Object]">
          <view class="flex index--flex items-center index--items-center justify-between index--justify-between">
            <view class="flex index--flex items-center index--items-center gap-_b8rpx_B index--gap-_b8rpx_B">
              <view
                class="flex index--flex h- index--h- 36rpx index--36rpx w- index--w- 36rpx index--36rpx items-center index--items-center justify-center index--justify-center rounded- index--rounded- 12rpx index--12rpx">
                <view aria-hidden="false" aria-role="" class="t-icon icon--t-icon" style="font-size: 22px">
                  <label class="t-icon-grid-view icon--t-icon-grid-view t-icon-base icon--t-icon-base"></label>
                </view>
              </view>
              <text class="text-_b24rpx_B index--text-_b24rpx_B font-semibold index--font-semibold text-_b_h1f1a3f_B index--text-_b_h1f1a3f_B"></text>
            </view>
            <view
              class="t-tag tag--t-tag t-tag--primary tag--t-tag--primary t-tag--light tag--t-tag--light t-tag--small tag--t-tag--small t-tag--square tag--t-tag--square"
              style="">
              <view aria-hidden="true" class="t-tag__icon tag--t-tag__icon"></view>
              <view class="t-tag__text tag--t-tag__text">Lab</view>
            </view>
          </view>
          <text class="mt-_b10rpx_B index--mt-_b10rpx_B block index--block text-_b20rpx_B index--text-_b20rpx_B text-_b_h6f6b8a_B index--text-_b_h6f6b8a_B"></text>
        </view>
        <view
          class="rounded- index--rounded- 18rpx index--18rpx bg- index--bg- f7f7fb index--f7f7fb p- index--p- 16rpx index--16rpx opacity-100 index--opacity-100"
          data-wv-inline-id="__wv_inline_0"
          data-wv-s0="[object Object]">
          <view class="flex index--flex items-center index--items-center justify-between index--justify-between">
            <view class="flex index--flex items-center index--items-center gap-_b8rpx_B index--gap-_b8rpx_B">
              <view
                class="flex index--flex h- index--h- 36rpx index--36rpx w- index--w- 36rpx index--36rpx items-center index--items-center justify-center index--justify-center rounded- index--rounded- 12rpx index--12rpx">
                <view aria-hidden="false" aria-role="" class="t-icon icon--t-icon" style="font-size: 22px">
                  <label class="t-icon-grid-view icon--t-icon-grid-view t-icon-base icon--t-icon-base"></label>
                </view>
              </view>
              <text class="text-_b24rpx_B index--text-_b24rpx_B font-semibold index--font-semibold text-_b_h1f1a3f_B index--text-_b_h1f1a3f_B"></text>
            </view>
            <view
              class="t-tag tag--t-tag t-tag--primary tag--t-tag--primary t-tag--light tag--t-tag--light t-tag--small tag--t-tag--small t-tag--square tag--t-tag--square"
              style="">
              <view aria-hidden="true" class="t-tag__icon tag--t-tag__icon"></view>
              <view class="t-tag__text tag--t-tag__text">Vue</view>
            </view>
          </view>
          <text class="mt-_b10rpx_B index--mt-_b10rpx_B block index--block text-_b20rpx_B index--text-_b20rpx_B text-_b_h6f6b8a_B index--text-_b_h6f6b8a_B"></text>
        </view>
        <view
          class="rounded- index--rounded- 18rpx index--18rpx bg- index--bg- f7f7fb index--f7f7fb p- index--p- 16rpx index--16rpx opacity-100 index--opacity-100"
          data-wv-inline-id="__wv_inline_0"
          data-wv-s0="[object Object]">
          <view class="flex index--flex items-center index--items-center justify-between index--justify-between">
            <view class="flex index--flex items-center index--items-center gap-_b8rpx_B index--gap-_b8rpx_B">
              <view
                class="flex index--flex h- index--h- 36rpx index--36rpx w- index--w- 36rpx index--36rpx items-center index--items-center justify-center index--justify-center rounded- index--rounded- 12rpx index--12rpx">
                <view aria-hidden="false" aria-role="" class="t-icon icon--t-icon" style="font-size: 22px">
                  <label class="t-icon-share icon--t-icon-share t-icon-base icon--t-icon-base"></label>
                </view>
              </view>
              <text class="text-_b24rpx_B index--text-_b24rpx_B font-semibold index--font-semibold text-_b_h1f1a3f_B index--text-_b_h1f1a3f_B"></text>
            </view>
            <view
              class="t-tag tag--t-tag t-tag--primary tag--t-tag--primary t-tag--light tag--t-tag--light t-tag--small tag--t-tag--small t-tag--square tag--t-tag--square"
              style="">
              <view aria-hidden="true" class="t-tag__icon tag--t-tag__icon"></view>
              <view class="t-tag__text tag--t-tag__text">Sub</view>
            </view>
          </view>
          <text class="mt-_b10rpx_B index--mt-_b10rpx_B block index--block text-_b20rpx_B index--text-_b20rpx_B text-_b_h6f6b8a_B index--text-_b_h6f6b8a_B"></text>
        </view>
      </view>
    </view>
  </view>
  <view
    class="mt-_b20rpx_B index-index--mt-_b20rpx_B rounded-_b24rpx_B index-index--rounded-_b24rpx_B bg-white index-index--bg-white p-_b20rpx_B index-index--p-_b20rpx_B shadow-_b0_18rpx_40rpx_rgba_p17_m24_m39_m0_d08_P_B index-index--shadow-_b0_18rpx_40rpx_rgba_p17_m24_m39_m0_d08_P_B">
    <view class="flex index-index--flex items-center index-index--items-center justify-between index-index--justify-between">
      <text class="text-_b26rpx_B index-index--text-_b26rpx_B font-semibold index-index--font-semibold text-_b_h1f1a3f_B index-index--text-_b_h1f1a3f_B"></text>
      <view class="t-tag tag--t-tag t-tag--primary tag--t-tag--primary t-tag--light tag--t-tag--light t-tag--small tag--t-tag--small t-tag--square tag--t-tag--square" style="">
        <view aria-hidden="true" class="t-tag__icon tag--t-tag__icon"></view>
        <view class="t-tag__text tag--t-tag__text">模板</view>
      </view>
    </view>
    <view class="mt-_b12rpx_B index-index--mt-_b12rpx_B flex index-index--flex flex-col index-index--flex-col gap-_b12rpx_B index-index--gap-_b12rpx_B">
      <view
        class="rounded- index-index--rounded- 16rpx index-index--16rpx px- index-index--px- 16rpx index-index--16rpx py- index-index--py- 12rpx index-index--12rpx text- index-index--text- 20rpx index-index--20rpx bg- index-index--bg- fff7ed index-index--fff7ed text- index-index--text- 92400e index-index--92400e">
        对象语法：根据刷新次数切换配色与高亮
      </view>
      <view
        class="rounded- index-index--rounded- 16rpx index-index--16rpx px- index-index--px- 16rpx index-index--16rpx py- index-index--py- 12rpx index-index--12rpx text- index-index--text- 20rpx index-index--20rpx bg- index-index--bg- fef2f2 index-index--fef2f2 text- index-index--text- 991b1b index-index--991b1b shadow- index-index--shadow- 0_10rpx_18rpx_rgba index-index--0_10rpx_18rpx_rgba 153 index-index--153 27 index-index--27 27 index-index--27 0 index-index--0 18 index-index--18">
        数组语法：组合静态与条件 class
      </view>
      <view
        class="rounded- index-index--rounded- 16rpx index-index--16rpx border index-index--border border- index-index--border- e2e8f0 index-index--e2e8f0 px- index-index--px- 16rpx index-index--16rpx py- index-index--py- 12rpx index-index--12rpx text- index-index--text- 20rpx index-index--20rpx bg- index-index--bg- 111827 index-index--111827 text-white index-index--text-white">
        class + :class 合并：静态边框叠加动态背景
      </view>
    </view>
  </view>
  <view
    class="mt-_b20rpx_B index-index--mt-_b20rpx_B rounded-_b24rpx_B index-index--rounded-_b24rpx_B bg-white index-index--bg-white p-_b20rpx_B index-index--p-_b20rpx_B shadow-_b0_18rpx_40rpx_rgba_p17_m24_m39_m0_d08_P_B index-index--shadow-_b0_18rpx_40rpx_rgba_p17_m24_m39_m0_d08_P_B">
    <view class="flex index-index--flex items-center index-index--items-center justify-between index-index--justify-between">
      <text class="text-_b26rpx_B index-index--text-_b26rpx_B font-semibold index-index--font-semibold text-_b_h1f1a3f_B index-index--text-_b_h1f1a3f_B"></text>
      <view class="t-tag tag--t-tag t-tag--primary tag--t-tag--primary t-tag--light tag--t-tag--light t-tag--small tag--t-tag--small t-tag--square tag--t-tag--square" style="">
        <view aria-hidden="true" class="t-tag__icon tag--t-tag__icon"></view>
        <view class="t-tag__text tag--t-tag__text">指南</view>
      </view>
    </view>
    <view class="mt-_b12rpx_B index-index--mt-_b12rpx_B">
      <view class="t-cell-group group--t-cell-group t-cell-group--default group--t-cell-group--default" style="">
        <view aria-role="" class="t-cell cell--t-cell t-cell--bordered cell--t-cell--bordered" hover-class="" hover-stay-time="70" style="">
          <view class="t-cell__left cell--t-cell__left"></view>
          <view class="t-cell__title cell--t-cell__title">
            <view class="t-cell__title-text cell--t-cell__title-text">多页面 TabBar</view>
            <view class="t-cell__description cell--t-cell__description"></view>
          </view>
          <view class="t-cell__note cell--t-cell__note"><text></text></view>
          <view class="t-cell__right cell--t-cell__right t-cell__right--middle cell--t-cell__right--middle"></view>
        </view>
        <view aria-role="" class="t-cell cell--t-cell t-cell--bordered cell--t-cell--bordered" hover-class="" hover-stay-time="70" style="">
          <view class="t-cell__left cell--t-cell__left"></view>
          <view class="t-cell__title cell--t-cell__title">
            <view class="t-cell__title-text cell--t-cell__title-text">分包加载</view>
            <view class="t-cell__description cell--t-cell__description"></view>
          </view>
          <view class="t-cell__note cell--t-cell__note"><text></text></view>
          <view class="t-cell__right cell--t-cell__right t-cell__right--middle cell--t-cell__right--middle"></view>
        </view>
        <view aria-role="" class="t-cell cell--t-cell t-cell--bordered cell--t-cell--bordered" hover-class="" hover-stay-time="70" style="">
          <view class="t-cell__left cell--t-cell__left"></view>
          <view class="t-cell__title cell--t-cell__title">
            <view class="t-cell__title-text cell--t-cell__title-text">Composition API</view>
            <view class="t-cell__description cell--t-cell__description"></view>
          </view>
          <view class="t-cell__note cell--t-cell__note"><text></text></view>
          <view class="t-cell__right cell--t-cell__right t-cell__right--middle cell--t-cell__right--middle"></view>
        </view>
        <view aria-role="" class="t-cell cell--t-cell" hover-class="" hover-stay-time="70" style="">
          <view class="t-cell__left cell--t-cell__left"></view>
          <view class="t-cell__title cell--t-cell__title">
            <view class="t-cell__title-text cell--t-cell__title-text">TDesign 组件</view>
            <view class="t-cell__description cell--t-cell__description"></view>
          </view>
          <view class="t-cell__note cell--t-cell__note"><text></text></view>
          <view class="t-cell__right cell--t-cell__right t-cell__right--middle cell--t-cell__right--middle"></view>
        </view>
      </view>
    </view>
  </view>
</view>
"
`;
