// Vitest Snapshot v1, https://vitest.dev/guide/snapshot.html

exports[`template e2e: weapp-vite-template > renders all pages from app config > weapp-vite-template::app.wxss 1`] = `
"/*$vite$:1*/
"
`;

exports[`template e2e: weapp-vite-template > renders all pages from app config > weapp-vite-template::pages/index/index 1`] = `
"<view>
  <view style="display: flex; align-items: center; justify-content: center">
    <view>
      <image src="/logo.png" style="width: 200px; height: 190px" role="img"></image>
      <view>Hello World From Weapp-vite!</view>
    </view>
  </view>
  <helloworld is="components/HelloWorld/HelloWorld">
    <view class="hello-card HelloWorld--hello-card">
      <view class="hello-title HelloWorld--hello-title">Hello weapp-vite</view>
      <view class="hello-body HelloWorld--hello-body">这是最基础的 weapp-vite 模板，包含快速开发所需的构建与热更新能力。</view>
      <view class="hello-actions HelloWorld--hello-actions">
        <view class="hello-button HelloWorld--hello-button" data-url="https://vite.icebreaker.top">复制文档链接</view>
        <view class="hello-button HelloWorld--hello-button hello-button--ghost HelloWorld--hello-button--ghost" data-url="https://github.com/weapp-vite/weapp-vite">
          GitHub 仓库
        </view>
      </view>
      <view class="hello-tip HelloWorld--hello-tip">复制后即可在浏览器中打开对应链接</view>
    </view>
  </helloworld>
</view>
"
`;
