// Vitest Snapshot v1, https://vitest.dev/guide/snapshot.html

exports[`template e2e: weapp-vite-wevu-tailwindcss-tdesign-template > renders all pages from app config > weapp-vite-wevu-tailwindcss-tdesign-template::app.wxss 1`] = `
"/*! tailwindcss v4.2.4 | MIT License | https://tailwindcss.com */
::before,
::after {
  --tw-content: '';
}
view,
text,
::before,
::after {
  --tw-font-weight: initial;
  --tw-inset-ring-color: initial;
  --tw-inset-ring-shadow: 0 0 transparent;
  --tw-inset-shadow: 0 0 transparent;
  --tw-inset-shadow-alpha: 100%;
  --tw-inset-shadow-color: initial;
  --tw-leading: initial;
  --tw-ring-color: initial;
  --tw-ring-inset: initial;
  --tw-ring-offset-color: #fff;
  --tw-ring-offset-shadow: 0 0 transparent;
  --tw-ring-offset-width: 0;
  --tw-ring-shadow: 0 0 transparent;
  --tw-rotate-x: initial;
  --tw-rotate-y: initial;
  --tw-rotate-z: initial;
  --tw-shadow: 0 0 transparent;
  --tw-shadow-alpha: 100%;
  --tw-shadow-color: initial;
  --tw-skew-x: initial;
  --tw-skew-y: initial;
  border-color: currentColor;
  border-style: solid;
  border-width: 0;
  box-sizing: border-box;
}
page,
.tw-root,
wx-root-portal-content,
:host {
  --color-white: #fff;
  --font-weight-semibold: 600;
}
view,
text,
::after,
::before {
  border: 0 solid;
  box-sizing: border-box;
  margin: 0;
  padding: 0;
}
.mt-_b12rpx_B {
  margin-top: 12rpx;
}
.mt-_b16rpx_B {
  margin-top: 16rpx;
}
.mt-_b24rpx_B {
  margin-top: 24rpx;
}
.block {
  display: block;
}
.min-h-screen {
  min-height: 100vh;
}
.transform {
  -webkit-transform:;
  transform:;
  -webkit-transform: var(--tw-rotate-x,) var(--tw-rotate-y,) var(--tw-rotate-z,) var(--tw-skew-x,) var(--tw-skew-y,);
  transform: var(--tw-rotate-x,) var(--tw-rotate-y,) var(--tw-rotate-z,) var(--tw-skew-x,) var(--tw-skew-y,);
}
.rounded-_b20rpx_B {
  border-radius: 20rpx;
}
.rounded-_b28rpx_B {
  border-radius: 28rpx;
}
.bg-_b_hf4f6ff_B {
  background-color: #f4f6ff;
}
.bg-_b_hf6f7fb_B {
  background-color: #f6f7fb;
}
.bg-white {
  background-color: var(--color-white);
}
.p-_b20rpx_B {
  padding: 20rpx;
}
.p-_b28rpx_B {
  padding: 28rpx;
}
.px-_b28rpx_B {
  padding-left: 28rpx;
  padding-right: 28rpx;
}
.py-_b32rpx_B {
  padding-bottom: 32rpx;
  padding-top: 32rpx;
}
.text-_b24rpx_B {
  font-size: 24rpx;
}
.text-_b38rpx_B {
  font-size: 38rpx;
}
.leading-_b1_d6_B {
  --tw-leading: 1.6;
  line-height: 1.6;
}
.font-semibold {
  --tw-font-weight: var(--font-weight-semibold);
  font-weight: var(--font-weight-semibold);
}
.text-_b_h1f1a3f_B {
  color: #1f1a3f;
}
.text-_b_h51517c_B {
  color: #51517c;
}
.text-_b_h64748b_B {
  color: #64748b;
}
.shadow-_b0_18rpx_40rpx_rgba_p17_m24_m39_m0_d08_P_B {
  --tw-shadow: 0 18rpx 40rpx var(--tw-shadow-color, #11182714);
  box-shadow:
    var(--tw-inset-shadow), var(--tw-inset-ring-shadow), var(--tw-ring-offset-shadow), var(--tw-ring-shadow),
    var(--tw-shadow);
}
page {
  background-color: #f6f7fb;
  font-family: 'HarmonyOS Sans', 'PingFang SC', 'Microsoft YaHei', sans-serif;
}
"
`;

exports[`template e2e: weapp-vite-wevu-tailwindcss-tdesign-template > renders all pages from app config > weapp-vite-wevu-tailwindcss-tdesign-template::pages/index/index 1`] = `
"<view
  class="min-h-screen index--min-h-screen bg-_b_hf6f7fb_B index--bg-_b_hf6f7fb_B px-_b28rpx_B index--px-_b28rpx_B py-_b32rpx_B index--py-_b32rpx_B text-_b_h1f1a3f_B index--text-_b_h1f1a3f_B">
  <view
    class="rounded-_b28rpx_B index--rounded-_b28rpx_B bg-white index--bg-white p-_b28rpx_B index--p-_b28rpx_B shadow-_b0_18rpx_40rpx_rgba_p17_m24_m39_m0_d08_P_B index--shadow-_b0_18rpx_40rpx_rgba_p17_m24_m39_m0_d08_P_B">
    <view
      class="t-tag tag--t-tag t-tag--primary tag--t-tag--primary t-tag--light tag--t-tag--light t-tag--medium tag--t-tag--medium t-tag--square tag--t-tag--square"
      style="">
      <view aria-hidden="true" class="t-tag__icon tag--t-tag__icon"></view>
      <view class="t-tag__text tag--t-tag__text">wevu</view>
    </view>
    <view
      class="mt-_b16rpx_B index--mt-_b16rpx_B text-_b38rpx_B index--text-_b38rpx_B font-semibold index--font-semibold">
      TDesign 最小模板
    </view>
    <view
      class="mt-_b12rpx_B index--mt-_b12rpx_B text-_b24rpx_B index--text-_b24rpx_B leading-_b1_d6_B index--leading-_b1_d6_B text-_b_h64748b_B index--text-_b_h64748b_B">
      保留 Vue SFC、Tailwind CSS 与 TDesign 自动导入的最小组合，复杂验证场景已迁到 e2e-apps。
    </view>
    <view
      class="mt-_b24rpx_B index--mt-_b24rpx_B rounded-_b20rpx_B index--rounded-_b20rpx_B bg-_b_hf4f6ff_B index--bg-_b_hf4f6ff_B p-_b20rpx_B index--p-_b20rpx_B">
      <text
        class="text-_b24rpx_B index--text-_b24rpx_B text-_b_h51517c_B index--text-_b_h51517c_B"></text>
    </view>
    <button
      activity-type="0"
      entrance-path=""
      need-show-entrance=""
      app-parameter=""
      data-custom="null"
      form-type=""
      hover-class="t-button--hover"
      hover-start-time="20"
      hover-stay-time="70"
      lang=""
      open-type=""
      send-message-img="截图"
      send-message-path="当前分享路径"
      send-message-title="当前标题"
      session-from=""
      style=""
      class="mt-_b24rpx_B index--mt-_b24rpx_B t-button button--t-button t-button--base button--t-button--base t-button--primary button--t-button--primary t-button--rectangle button--t-button--rectangle t-button--size-medium button--t-button--size-medium t-button--block button--t-button--block"
      role="button"
      aria-disabled="false">
      <view class="t-button__content button--t-button__content">点一下</view>
    </button>
  </view>
</view>
"
`;
