// Vitest Snapshot v1, https://vitest.dev/guide/snapshot.html

exports[`template e2e: wevu-features-app > renders all pages from app config > wevu-features-app::app.wxss 1`] = `
".wevu-features-app-root {
  color: inherit;
}
/*$vite$:1*/
"
`;

exports[`template e2e: wevu-features-app > renders all pages from app config > wevu-features-app::components/router-origin-probe/target/index 1`] = `
"<view class="router-component-target-page">
  <view id="router-target-component-marker">
    route=components/router-origin-probe/target/index source=unknown
  </view>
</view>
"
`;
