// Vitest Snapshot v1, https://vitest.dev/guide/snapshot.html

exports[`template e2e: wevu-features-app > renders all pages from app config > wevu-features-app::app.wxss 1`] = `
".wevu-features-app-root {
  color: inherit;
}
"
`;

exports[`template e2e: wevu-features-app > renders all pages from app config > wevu-features-app::components/router-origin-probe/target/index 1`] = `
"<view class="router-component-target-page">
  <view id="router-target-component-marker">
    route=components/router-origin-probe/target/index source={{source}}
  </view>
</view>
"
`;

exports[`template e2e: wevu-features-app > renders all pages from app config > wevu-features-app::packages/router-demo/pages/normal-target/index 1`] = `
"<view class="router-subpackage-page">
  <view class="router-subpackage-page__badge">普通分包目标页</view>
  <view class="router-subpackage-page__line" id="router-target-subpackage-route">
    route = {{routeSummary}}
  </view>
  <view class="router-subpackage-page__line">
    这个页面用于验证 wevu/router 到普通分包页的真实跳转。
  </view>
  <view class="router-subpackage-page__actions">
    <view class="router-subpackage-page__btn" data-wi-tap="i0">返回 coverage 首页</view>
    <view
      class="router-subpackage-page__btn router-subpackage-page__btn--secondary"
      data-wi-tap="i1">
      去主包页
    </view>
    <view class="router-subpackage-page__btn router-subpackage-page__btn--accent" data-wi-tap="i2">
      去独立分包页
    </view>
  </view>
</view>
"
`;

exports[`template e2e: wevu-features-app > renders all pages from app config > wevu-features-app::packages/router-demo-independent/pages/independent-target/index 1`] = `
"<view class="router-independent-page">
  <view class="router-independent-page__badge">独立分包目标页</view>
  <view class="router-independent-page__line" id="router-target-independent-route">
    route = {{routeSummary}}
  </view>
  <view class="router-independent-page__line">
    这个页面用于验证 wevu/router 到独立分包页的真实跳转。
  </view>
  <view class="router-independent-page__actions">
    <view class="router-independent-page__btn" data-wi-tap="i0">返回 coverage 首页</view>
    <view
      class="router-independent-page__btn router-independent-page__btn--secondary"
      data-wi-tap="i1">
      去主包页
    </view>
    <view
      class="router-independent-page__btn router-independent-page__btn--accent"
      data-wi-tap="i2">
      去普通分包页
    </view>
  </view>
</view>
"
`;

exports[`template e2e: wevu-features-app > renders all pages from app config > wevu-features-app::pages/index/index 1`] = `
"<view class="feature-nav-page">
  <view class="feature-nav-title">wevu 特性展示</view>
  <view class="feature-nav-subtitle">选择一个特性场景进入</view>
  <view class="feature-nav-list">
    <navigator
      class="feature-nav-item"
      wx:for="{{featureList}}"
      wx:for-item="item"
      wx:for-index="__wv_index_0"
      wx:key="key"
      url="{{item.path}}">
      <view class="feature-nav-item-title">{{item.title}}</view>
      <view class="feature-nav-item-summary">{{item.summary}}</view>
    </navigator>
  </view>
</view>
"
`;

exports[`template e2e: wevu-features-app > renders all pages from app config > wevu-features-app::pages/native-uses-vue/index 1`] = `
"<view class="native-interop-page">
  <view class="native-interop-page__title">原生组件引入 Vue 组件</view>
  <view class="native-interop-page__subtitle">验证 native usingComponents -&gt; Vue SFC 链路</view>
  <view class="native-interop-page__toolbar">
    <view class="native-interop-page__btn" id="native-interop-toggle" data-wi-tap="i0">
      mode: {{currentMode}}
    </view>
    <view class="native-interop-page__btn" id="native-interop-count" data-wi-tap="i1">
      count: {{count}}
    </view>
  </view>
  <NativeUsesVue
    title="原生组件引入 Vue 组件（static）"
    subtitle="native -> vue static chain"
    badge="static"
    note="这段文本由原生组件传递给 Vue 组件。" />
</view>
"
`;

exports[`template e2e: wevu-features-app > renders all pages from app config > wevu-features-app::pages/router-coverage/index 1`] = `
"<view class="router-coverage-page">
  <view class="router-coverage-page__title">wevu/router 页面跳转覆盖</view>
  <view class="router-coverage-page__subtitle">
    覆盖主包、普通分包、独立分包跳转，以及 beforeEach / beforeEnter / beforeResolve / afterEach /
    onError
  </view>
  <view class="router-coverage-page__panel">
    <view class="router-coverage-page__line" id="router-coverage-route">
      current route = {{routeSummary}}
    </view>
    <view class="router-coverage-page__line" id="router-coverage-action">
      last action = {{actionSummary}}
    </view>
  </view>
  <view class="router-coverage-page__section-title">页面跳转</view>
  <view
    class="router-coverage-page__card"
    wx:for="{{ROUTER_COVERAGE_TARGETS}}"
    wx:for-item="item"
    wx:for-index="__wv_index_0"
    wx:key="key">
    <view class="router-coverage-page__card-title">{{item.title}}</view>
    <view class="router-coverage-page__card-summary">{{item.summary}}</view>
    <view class="router-coverage-page__actions">
      <view
        class="router-coverage-page__btn"
        data-wi-tap="i0"
        data-wv-s0="{{item}}"
        data-wv-i0="{{__wv_index_0}}">
        push 到当前页
      </view>
      <block wx:if="{{item.key === 'independent'}}">
        <view
          class="router-coverage-page__btn router-coverage-page__btn--secondary"
          data-wi-tap="i1"
          data-wv-s0="{{item}}"
          data-wv-i0="{{__wv_index_0}}">
          replace 到当前页
        </view>
      </block>
    </view>
  </view>
  <view class="router-coverage-page__section-title">守卫触发</view>
  <view class="router-coverage-page__actions">
    <view class="router-coverage-page__btn" id="router-coverage-blocked" data-wi-tap="i2">
      触发 beforeEach 阻断
    </view>
    <view
      class="router-coverage-page__btn router-coverage-page__btn--warn"
      id="router-coverage-error"
      data-wi-tap="i3">
      触发 beforeResolve 报错
    </view>
    <view
      class="router-coverage-page__btn router-coverage-page__btn--secondary"
      id="router-coverage-back"
      data-wi-tap="i4">
      调用 router.back()
    </view>
  </view>
</view>
"
`;

exports[`template e2e: wevu-features-app > renders all pages from app config > wevu-features-app::pages/router-coverage/main-target/index 1`] = `
"<view class="router-target-page">
  <view class="router-target-page__badge">主包目标页</view>
  <view class="router-target-page__line" id="router-target-main-route">
    route = {{routeSummary}}
  </view>
  <view class="router-target-page__line">这个页面用于验证 wevu/router 到主包页的真实跳转。</view>
  <view class="router-target-page__actions">
    <view class="router-target-page__btn" data-wi-tap="i0">返回 coverage 首页</view>
    <view class="router-target-page__btn router-target-page__btn--secondary" data-wi-tap="i1">
      去普通分包页
    </view>
    <view class="router-target-page__btn router-target-page__btn--accent" data-wi-tap="i2">
      去独立分包页
    </view>
  </view>
</view>
"
`;

exports[`template e2e: wevu-features-app > renders all pages from app config > wevu-features-app::pages/router-dynamic/index 1`] = `
"<view class="router-dynamic-page">
  <view class="router-dynamic-page__title">wevu/router 能力展示 (dynamic + guards)</view>
  <view class="router-dynamic-page__subtitle">
    展示 add/remove/clear、options 快照、beforeEach/beforeResolve/afterEach/onError
  </view>
  <view class="router-dynamic-page__line" id="router-dynamic-base">
    base routes = {{baseRoutesSummary}}
  </view>
  <view class="router-dynamic-page__line" id="router-dynamic-add-remove">
    add/remove summary = {{addRemoveSummary}}
  </view>
  <view class="router-dynamic-page__line" id="router-dynamic-clear">
    clear summary = {{clearSummary}}
  </view>
  <view class="router-dynamic-page__line" id="router-dynamic-options">
    options summary = {{optionsSummary}}
  </view>
  <view class="router-dynamic-page__line" id="router-dynamic-guard">
    guard summary = {{guardSummary}}
  </view>
  <view class="router-dynamic-page__line" id="router-dynamic-error">
    error summary = {{errorSummary}}
  </view>
  <view class="router-dynamic-page__line" id="router-dynamic-run">
    run summary = {{runSummary}}
  </view>
  <view class="router-dynamic-page__btn" id="router-dynamic-run-e2e" data-wi-tap="i0">
    run router dynamic e2e
  </view>
</view>
"
`;

exports[`template e2e: wevu-features-app > renders all pages from app config > wevu-features-app::pages/router-showcase/index 1`] = `
"<view class="router-showcase-page">
  <view class="router-showcase-page__title">wevu/router 能力展示 (showcase)</view>
  <view class="router-showcase-page__subtitle">
    展示 query 编解码、命名路由、alias、hash-only 失败、forward/go/isReady
  </view>
  <view class="router-showcase-page__line" id="router-showcase-route">
    route summary = {{routeSummary}}
  </view>
  <view class="router-showcase-page__line" id="router-showcase-parse">
    parse summary = {{parseSummary}}
  </view>
  <view class="router-showcase-page__line" id="router-showcase-stringify">
    stringify summary = {{stringifySummary}}
  </view>
  <view class="router-showcase-page__line" id="router-showcase-named">
    named summary = {{namedRouteSummary}}
  </view>
  <view class="router-showcase-page__line" id="router-showcase-alias">
    alias summary = {{aliasSummary}}
  </view>
  <view class="router-showcase-page__line" id="router-showcase-relative">
    relative summary = {{relativeSummary}}
  </view>
  <view class="router-showcase-page__line" id="router-showcase-hash-only">
    hash-only summary = {{hashOnlySummary}}
  </view>
  <view class="router-showcase-page__line" id="router-showcase-forward">
    forward summary = {{forwardSummary}}
  </view>
  <view class="router-showcase-page__line" id="router-showcase-go">go summary = {{goSummary}}</view>
  <view class="router-showcase-page__line" id="router-showcase-ready">
    ready summary = {{readySummary}}
  </view>
  <view class="router-showcase-page__line" id="router-showcase-run">
    run summary = {{runSummary}}
  </view>
  <view class="router-showcase-page__btn" id="router-showcase-run-e2e" data-wi-tap="i0">
    run router showcase e2e
  </view>
</view>
"
`;

exports[`template e2e: wevu-features-app > renders all pages from app config > wevu-features-app::pages/router-stability/index 1`] = `
"<view class="router-stability-page">
  <view class="router-stability-page__title">router stability (page context)</view>
  <view class="router-stability-page__desc">
    用于验证 wx.navigateTo 与 this.pageRouter.navigateTo 的相对路径基准差异。
  </view>
  <view class="router-stability-page__btn" id="router-open-sub" data-wi-tap="i0">
    打开 sub 页面
  </view>
  <view class="router-stability-page__btn" id="router-index-wx" data-wi-tap="i1">
    当前页触发 wx.navigateTo('./target/index')
  </view>
  <view class="router-stability-page__btn" id="router-index-page-router" data-wi-tap="i2">
    当前页触发 pageRouter.navigateTo('./target/index')
  </view>
</view>
"
`;

exports[`template e2e: wevu-features-app > renders all pages from app config > wevu-features-app::pages/router-stability/sub/index 1`] = `
"<view class="router-sub-page">
  <view class="router-sub-page__title">router stability (sub page)</view>
  <view class="router-sub-page__desc">本页会调用上一个页面的方法，验证相对路径基准是否稳定。</view>
  <view class="router-sub-page__btn" id="router-sub-call-prev-wx" data-wi-tap="i0">
    调用上页 wx.navigateTo('./target/index')
  </view>
  <view class="router-sub-page__btn" id="router-sub-call-prev-page-router" data-wi-tap="i1">
    调用上页 pageRouter.navigateTo('./target/index')
  </view>
  <RouterOriginProbe class="__wv-ref-0" title="component router origin probe" />
  <view class="router-sub-page__btn" id="router-sub-call-component-router" data-wi-tap="i2">
    组件 this.router.navigateTo('./target/index')
  </view>
  <view class="router-sub-page__btn" id="router-sub-call-component-page-router" data-wi-tap="i3">
    组件 this.pageRouter.navigateTo('./target/index')
  </view>
</view>
"
`;

exports[`template e2e: wevu-features-app > renders all pages from app config > wevu-features-app::pages/router-stability/sub/target/index 1`] = `
"<view class="router-sub-target-page">
  <view id="router-target-sub-marker">
    route=pages/router-stability/sub/target/index source={{source}}
  </view>
</view>
"
`;

exports[`template e2e: wevu-features-app > renders all pages from app config > wevu-features-app::pages/router-stability/target/index 1`] = `
"<view class="router-target-page">
  <view id="router-target-main-marker">
    route=pages/router-stability/target/index source={{source}}
  </view>
</view>
"
`;

exports[`template e2e: wevu-features-app > renders all pages from app config > wevu-features-app::pages/subpath-entries/index 1`] = `
"<view class="subpath-entries-page">
  <view class="subpath-entries-page__title">wevu 子路径入口综合场景</view>
  <view class="subpath-entries-page__subtitle">
    覆盖 wevu/router、wevu/store、wevu/api、wevu/fetch 的联动使用
  </view>
  <view class="subpath-entries-page__line" id="subpath-router-fullpath">
    router fullPath = {{routerFullPath}}
  </view>
  <view class="subpath-entries-page__line" id="subpath-store-summary">
    store count/label = {{scenarioCount}} / {{scenarioLabel}}
  </view>
  <view class="subpath-entries-page__line" id="subpath-api-status">api status = {{apiStatus}}</view>
  <view class="subpath-entries-page__line" id="subpath-fetch-status">
    fetch status = {{fetchStatus}}
  </view>
  <view class="subpath-entries-page__line" id="subpath-fetch-payload">
    fetch payload = {{fetchPayload}}
  </view>
  <view class="subpath-entries-page__line" id="subpath-request-count">
    request count = {{requestCount}}
  </view>
  <view class="subpath-entries-page__line" id="subpath-request-echo">
    request body echo = {{requestDataEcho}}
  </view>
  <view class="subpath-entries-page__line" id="subpath-run-summary">
    run summary = {{runSummary}}
  </view>
  <view class="subpath-entries-page__btn" id="subpath-run-e2e" data-wi-tap="i0">
    run e2e scenario
  </view>
</view>
"
`;

exports[`template e2e: wevu-features-app > renders all pages from app config > wevu-features-app::pages/use-attrs/index 1`] = `
"<view class="use-attrs-page">
  <view class="use-attrs-page__title">wevu useAttrs 特性展示</view>
  <view class="use-attrs-page__subtitle">下面按钮控制的是组件的非 props 参数（attrs）</view>
  <view class="use-attrs-page__toolbar">
    <view class="{{__wv_cls_0}}" id="ctrl-cycle-tone" data-wi-tap="i0">
      切换 tone：{{currentToneClass}}
    </view>
    <view class="{{__wv_cls_1}}" id="ctrl-toggle-visible" data-wi-tap="i1">
      切换 visible：{{controlState.visible ? 'true' : 'false'}}
    </view>
    <view style="{{__wv_style_0}}" class="{{__wv_cls_2}}" id="ctrl-toggle-border" data-wi-tap="i2">
      边框模式：{{controlState.strongBorder ? 'strong' : 'dash'}}
    </view>
    <view
      class="use-attrs-page__btn wevu-features-btn-bump-seed"
      id="ctrl-bump-seed"
      data-wi-tap="i3">
      递增 seed：{{controlState.seed}}
    </view>
  </view>
  <block wx:if="{{featureMounted}}">
    <UseAttrsFeature
      title="组件内 useAttrs()"
      stateClass="{{currentToneClass}}"
      visible="{{controlState.visible}}"
      badgeStyle="{{currentBadgeStyle}}"
      extraLabel="{{currentExtraLabel}}"
      seedTag="{{controlState.seed}}" />
  </block>
</view>
"
`;

exports[`template e2e: wevu-features-app > renders all pages from app config > wevu-features-app::pages/use-model/index 1`] = `
"<view class="use-model-page">
  <view class="use-model-page__title">wevu useModel 特性展示</view>
  <view class="use-model-page__subtitle">
    父组件与子组件双向更新 modelValue，并记录 update:modelValue
  </view>
  <view class="use-model-page__toolbar">
    <view class="use-model-page__btn" id="model-parent-alpha" data-wi-tap="i0">
      parent -&gt; alpha
    </view>
    <view class="use-model-page__btn" id="model-parent-beta" data-wi-tap="i1">
      parent -&gt; beta
    </view>
  </view>
  <view class="use-model-page__value" id="model-parent-value">
    parent modelValue = {{modelValue}}
  </view>
  <view class="use-model-page__value" id="model-parent-title">parent title = {{childTitle}}</view>
  <view class="use-model-page__value" id="model-log-size">emit logs = {{emitLogs.length}}</view>
  <UseModelFeature
    title="{{childTitle}}"
    data-wd-update-title="1"
    data-wi-update-title="i2"
    bind:update-title="__weapp_vite_inline"
    modelValue="{{modelValue}}"
    data-wd-update-modelvalue="1"
    data-wi-update-modelvalue="i3"
    bind:update-modelvalue="__weapp_vite_inline" />
</view>
"
`;

exports[`template e2e: wevu-features-app > renders all pages from app config > wevu-features-app::pages/use-provide-inject/index 1`] = `
"<view class="use-provide-inject-page">
  <view class="use-provide-inject-page__title">wevu provide / inject 特性展示</view>
  <view class="use-provide-inject-page__subtitle">
    provider 与 inject 共同操作同一份状态，验证跨层响应式同步
  </view>
  <view class="use-provide-inject-page__toolbar">
    <view class="use-provide-inject-page__btn" id="provide-inc" data-wi-tap="i0">
      provider -&gt; increment
    </view>
    <view class="use-provide-inject-page__btn" id="provide-toggle-theme" data-wi-tap="i1">
      provider -&gt; toggle theme
    </view>
  </view>
  <view class="{{__wv_cls_0}}" id="provide-state">provider theme = {{sharedState.theme}}</view>
  <view class="use-provide-inject-page__line" id="provide-count">
    provider count = {{sharedState.count}}
  </view>
  <view class="use-provide-inject-page__line" id="provide-last-action">
    last action = {{sharedState.lastAction}}
  </view>
  <UseProvideInjectFeature title="组件内 inject()" />
</view>
"
`;

exports[`template e2e: wevu-features-app > renders all pages from app config > wevu-features-app::pages/use-provide-inject-scope/index 1`] = `
"<weapp-layout-provide-inject-scope __wvSlotOwnerId="{{__wvSlotOwnerId || __wvOwnerId || ''}}">
  <view class="provide-inject-scope-page">
    <view class="provide-inject-scope-page__title">wevu provide / inject 深层作用域复现</view>
    <view class="provide-inject-scope-page__line" id="scope-page-provider">
      page provide = page-provide-value
    </view>
    <ProvideInjectScopeMiddle />
    <ProvideInjectSlotProvider
      generic:scoped-slots-default="scoped-slot-stable-default-0"
      vue-slots="{{ {default:true} }}"
      __wvSlotOwnerId="{{__wvSlotOwnerId || __wvOwnerId || ''}}" />
  </view>
</weapp-layout-provide-inject-scope>
"
`;

exports[`template e2e: wevu-features-app > renders all pages from app config > wevu-features-app::pages/use-slots/index 1`] = `
"<view class="use-slots-page">
  <view class="use-slots-page__title">wevu useSlots 特性展示</view>
  <view class="use-slots-page__subtitle">控制 slot 展示和内容，查看 slots 键与 class 变化</view>
  <view class="use-slots-page__toolbar">
    <view class="{{__wv_cls_0}}" id="slots-ctrl-open" data-wi-tap="i0">
      panel: {{controlState.open ? 'open' : 'closed'}}
    </view>
    <view class="{{__wv_cls_1}}" id="slots-ctrl-header" data-wi-tap="i1">
      header slot: {{controlState.withHeader ? 'on' : 'off'}}
    </view>
    <view class="use-slots-page__btn" id="slots-ctrl-count" data-wi-tap="i2">
      count: {{controlState.count}}
    </view>
  </view>
  <view class="{{__wv_cls_2}}" id="slots-open-state">
    open state: {{controlState.open ? 'open' : 'closed'}}
  </view>
  <UseSlotsFeature
    title="组件内 useSlots()"
    open="{{controlState.open}}"
    vue-slots="{{ {header:true,default:true} }}">
    <weapp-slot-wrapper slot="header">
      <block wx:if="{{controlState.withHeader}}">
        <view class="use-slots-page__header">header slot content</view>
      </block>
    </weapp-slot-wrapper>
    <view class="use-slots-page__body">default slot content {{controlState.count}}</view>
  </UseSlotsFeature>
</view>
"
`;

exports[`template e2e: wevu-features-app > renders all pages from app config > wevu-features-app::pages/use-store/index 1`] = `
"<view class="use-store-page">
  <view class="use-store-page__title">wevu store 特性展示</view>
  <view class="use-store-page__subtitle">
    展示 setup/options store、storeToRefs、patch/reset、subscribe/onAction/plugin
  </view>
  <view class="use-store-page__meta" id="store-plugin-records">
    plugin records = {{pluginSummary}}
  </view>
  <view class="use-store-page__meta" id="store-subscribe-count">
    subscribe count = {{subscribeEventCount}}
  </view>
  <view class="use-store-page__meta" id="store-subscribe-last">
    subscribe last = {{subscribeLastEvent}}
  </view>
  <view class="use-store-page__meta" id="store-action-counts">
    action before/after/error = {{actionBeforeCount}}/{{actionAfterCount}}/{{actionErrorCount}}
  </view>
  <view class="use-store-page__meta" id="store-action-last">action last = {{actionLastName}}</view>
  <view class="{{__wv_cls_0}}">
    <view class="use-store-page__section-title">setup store</view>
    <view class="use-store-page__line" id="store-setup-count">
      setup count = {{setupCountValue}}
    </view>
    <view class="use-store-page__line" id="store-setup-doubled">
      setup doubled = {{setupDoubledValue}}
    </view>
    <view class="use-store-page__line" id="store-setup-label">
      setup label = {{setupLabelValue}}
    </view>
    <view class="use-store-page__line" id="store-setup-visits">
      setup visits = {{setupVisitsValue}}
    </view>
    <view class="use-store-page__toolbar">
      <view class="use-store-page__btn" id="store-setup-inc" data-wi-tap="i0">setup inc</view>
      <view class="use-store-page__btn" id="store-setup-visit" data-wi-tap="i1">setup visit</view>
      <view class="use-store-page__btn" id="store-setup-rename" data-wi-tap="i2">setup rename</view>
      <view class="use-store-page__btn" id="store-setup-patch-object" data-wi-tap="i3">
        setup patch object
      </view>
      <view class="use-store-page__btn" id="store-setup-patch-fn" data-wi-tap="i4">
        setup patch fn
      </view>
      <view class="use-store-page__btn" id="store-setup-ref-write" data-wi-tap="i5">
        setup refs write
      </view>
      <view class="use-store-page__btn" id="store-setup-reset" data-wi-tap="i6">setup reset</view>
    </view>
  </view>
  <view class="{{__wv_cls_1}}">
    <view class="use-store-page__section-title">options store</view>
    <view class="use-store-page__line" id="store-options-count">
      options count = {{optionsCountValue}}
    </view>
    <view class="use-store-page__line" id="store-options-doubled">
      options doubled = {{optionsDoubledValue}}
    </view>
    <view class="use-store-page__line" id="store-options-label">
      options label = {{optionsLabelValue}}
    </view>
    <view class="use-store-page__line" id="store-options-items-size">
      options items = {{optionsItemsSizeValue}}
    </view>
    <view class="use-store-page__toolbar">
      <view class="use-store-page__btn" id="store-options-inc" data-wi-tap="i7">options inc</view>
      <view class="use-store-page__btn" id="store-options-rename" data-wi-tap="i8">
        options rename
      </view>
      <view class="use-store-page__btn" id="store-options-patch-object" data-wi-tap="i9">
        options patch object
      </view>
      <view class="use-store-page__btn" id="store-options-patch-fn" data-wi-tap="ia">
        options patch fn
      </view>
      <view class="use-store-page__btn" id="store-options-ref-write" data-wi-tap="ib">
        options refs write
      </view>
      <view class="use-store-page__btn" id="store-options-reset" data-wi-tap="ic">
        options reset
      </view>
    </view>
  </view>
</view>
"
`;
