// Vitest Snapshot v1, https://vitest.dev/guide/snapshot.html

exports[`tsconfigJson > getDefaultTsconfigJson 1`] = `
{
  "files": [],
  "references": [
    {
      "path": "./tsconfig.app.json",
    },
    {
      "path": "./tsconfig.node.json",
    },
  ],
}
`;

exports[`tsconfigJson > getDefaultTsconfigNodeJson 1`] = `
{
  "compilerOptions": {
    "allowImportingTsExtensions": true,
    "erasableSyntaxOnly": true,
    "lib": [
      "ES2023",
    ],
    "module": "ESNext",
    "moduleDetection": "force",
    "moduleResolution": "bundler",
    "noEmit": true,
    "noFallthroughCasesInSwitch": true,
    "noUncheckedSideEffectImports": true,
    "noUnusedLocals": true,
    "noUnusedParameters": true,
    "resolveJsonModule": true,
    "skipLibCheck": true,
    "strict": true,
    "target": "ES2023",
    "tsBuildInfoFile": "./node_modules/.tmp/tsconfig.node.tsbuildinfo",
    "types": [
      "node",
    ],
    "verbatimModuleSyntax": true,
  },
  "include": [
    "vite.config.ts",
    "vite.config.*.ts",
    "*.config.ts",
    "config/**/*.ts",
    "scripts/**/*.ts",
  ],
}
`;
